05-27 10:14:31.919  3088  3088 I C04202/com.huawei.ARSample/WMSMain: VsyncCallbackInner: First vsync has come back, nodeId: 13262859010050
05-27 10:14:31.920  3088  3132 I C05A01/com.huawei.ARSample/ATM: [IsDynamicRequest]TokenID: 537197906, bundle: com.huawei.hmos.security.privacycenter, uiExAbility: PermissionGrantAbility, serExAbility: PermissionServiceGrantAbility.
05-27 10:14:31.920  3088  3132 I C05A01/com.huawei.ARSample/ATM: [IsDynamicRequest]Permission: ohos.permission.CAMERA: state: 0, errorReason: 0
05-27 10:14:31.920  3088  3132 I C05A01/com.huawei.ARSample/ATM: [RequestPermissionsFromUserExecute]It does not need to request permission
05-27 10:14:31.920  3088  3088 W C03900/com.huawei.ARSample/Ace: [(100000:100000:scope)] FeatureParamManager feature is missing or invalid
05-27 10:14:31.921  3088  3088 I C01408/com.huawei.ARSample/Text: InitTextBundleConfig: Adapter text height enabled 0
05-27 10:14:31.923  3088  3088 W C03926/com.huawei.ARSample/AceTheme: [(100000:100000:scope)] style 125829872 not contains divider_pattern!
05-27 10:14:31.924  3088  3088 I C03922/com.huawei.ARSample/AceNavigation: [(100000:100000:scope)] Navigation[5] change to FullPage
05-27 10:14:31.924  3088  3088 I C03922/com.huawei.ARSample/AceNavigation: [(100000:100000:scope)] Clear page-level SystemBar type:2108
05-27 10:14:31.924  3088  3088 I C03922/com.huawei.ARSample/AceNavigation: [(100000:100000:scope)] Clear page-level SystemBar type:2131
05-27 10:14:31.925  3088  3088 I C03900/com.huawei.ARSample/Ace: [(100000:100000:scope)] ArkUi flush first frame messages.
05-27 10:14:31.925  3088  3088 I C0391C/com.huawei.ARSample/AceFocus: [(100000:100000:scope)] Request focus on focusView: page/2.
05-27 10:14:31.926  3088  3088 I C0391C/com.huawei.ARSample/AceFocus: [(100000:100000:scope)] WinFocusMove end, root/secure_field onBlur, Navigation/secure_field onFocus, start: 2, end: 1, update: 2
05-27 10:14:31.926  3088  3088 I C03933/com.huawei.ARSample/AceKeyboard: [(100000:100000:scope)] current focus node: (Navigation/5). isDynamic: 0
05-27 10:14:31.926  3088  3088 I C03933/com.huawei.ARSample/AceKeyboard: [(100000:100000:scope)] Trigger Window Focus Callback
05-27 10:14:31.926  3088  3088 I C03933/com.huawei.ARSample/AceKeyboard: [(100000:100000:scope)] need keyboard : 0.
05-27 10:14:31.926  3088  3088 I C0420B/com.huawei.ARSample/WMSKeyboard: id: 302, isNeedKeyboard: 0, keepKeyboardFlag: 0
05-27 10:14:31.926  3088  3088 I C0420B/com.huawei.ARSample/WMSKeyboard: RequestInputMethodCloseKeyboard: Notify InputMethod framework close keyboard start. id: 302, isUIEProc: 0, hostWindowId: 302
05-27 10:14:31.926  3088  3141 I C04208/com.huawei.ARSample/WMSLayout: UpdateRect: id:302 name:ARSample0 rect:[0 0 1256 2760]->[0 0 1256 2760] reason:23 displayId:0
05-27 10:14:31.928  3088  3088 I C03903/com.huawei.ARSample/AceSubWindow: [(100000:100000:scope)] hide menu ng exit, window not exist
05-27 10:14:31.928  3088  3088 I C04216/com.huawei.ARSample/WMSPattern: FlushLayoutSize: NotifyFrameLayoutFinishFromApp, id: 302, rect: [0 0 1256 2760], notifyListener: 0
05-27 10:14:31.928  3088  3088 I A0FF00/com.huawei.ARSample/[ARSample][Js]: Succeeded in getting requestPermission.
05-27 10:14:31.929  3088  3088 I C04208/com.huawei.ARSample/WMSLayout: UpdateViewportConfig: Id: 302, reason: 23, windowRect: [0 0 1256 2760], displayOrientation: 0, config[0, 0, 0, 3.500000]
05-27 10:14:32.392  3088  3088 I C02805/com.huawei.ARSample/InputKeyFlow: [P:D:57265|247]ac: down: 57265
05-27 10:14:32.392  3088  3088 I C02805/com.huawei.ARSample/InputKeyFlow: [P:D:57265|649]recv
05-27 10:14:32.392  3088  3088 I C04213/com.huawei.ARSample/InputKeyFlow: HandleInputEvent: eid:0,InputId:57265,wid:302,ac:2
05-27 10:14:32.394  3088  3088 I C03951/com.huawei.ARSample/InputKeyFlow: [(100000:100000:scope)] ITK Id:57265, fId:0, T:0, I=0, M=0
05-27 10:14:32.394  3088  3088 I C03951/com.huawei.ARSample/InputKeyFlow: [(100000:100000:scope)] ITK Id:57265, TTHNI:fId: 0{ T: Button, D: 9 };
05-27 10:14:32.394  3088  3088 I C03951/com.huawei.ARSample/InputKeyFlow: [(100000:100000:scope)] ITK Id:57265, TTHRTI: T ClickRecognizer info: { T: Button };
05-27 10:14:32.395  3088  3088 I C03945/com.huawei.ARSample/AceStateStyle: [(100000:100000:scope)] Handle TouchDown event node: Button
05-27 10:14:32.396  3088  3088 E C02C03/com.huawei.ARSample/PARAM_WATCHER: [nodict]Read result failed, code is: 1.
05-27 10:14:32.396  3088  3088 E C02C03/PARAM_WATCHER: Failed to add watcher for persist.rosen.animationtrace.enabled
05-27 10:14:32.396  3088  3088 I C02C03/PARAM_WATCHER: [watcher_manager_kits.cpp:276]ParamWatcher destructor start
05-27 10:14:32.396  3088  3088 E C02C03/PARAM_WATCHER: SystemWatchParameter is failed!keyPrefix is:persist.rosen.animationtrace.enabled,errNum is:-1
05-27 10:14:32.396  3088  3088 E C02C0B/BEGET: [service_watcher.c:85]WatchParameter failed! the errNum is -1
05-27 10:14:32.396  3088  3088 I C02C03/PARAM_WATCHER: Add watcher keyPrefix sys.graphic.openTestModeTrace remoteWatcherId 10592 success
05-27 10:14:32.397  3088  3088 I C03919/com.huawei.ARSample/AceInputTracking: [(100000:100000:scope)] Consumed id:57265, last id:-1
05-27 10:14:32.397  3088  3088 I C04213/com.huawei.ARSample/InputKeyFlow: ConsumePointerEventInner: InputId:57265,wid:302,pointId:0,srcType:2,rect:[0,0,1256,2760],notify:1
05-27 10:14:32.397  3088  3088 I C02805/com.huawei.ARSample/InputKeyFlow: [P:M:57266|247]ac: move: 57266
05-27 10:14:32.398  3088  3132 I C0390D/com.huawei.ARSample/AceOverlay: [(-1:100000:singleton)] RVS_ENABLE_CHECK Result: 0
05-27 10:14:32.502  3088  3088 I C02805/com.huawei.ARSample/InputKeyFlow: [P:U:57277|247]ac: move, first: 57267-(2026-05-27 10:14:32.400ms), 57276, count: 10, last: ac: up: 57277
05-27 10:14:32.502  3088  3088 I C02805/com.huawei.ARSample/InputKeyFlow: [P:U:57277|649]recv
05-27 10:14:32.502  3088  3088 I C04213/com.huawei.ARSample/InputKeyFlow: HandleInputEvent: eid:1,InputId:57277,wid:302,ac:4
05-27 10:14:32.502  3088  3088 I C03951/com.huawei.ARSample/InputKeyFlow: [(100000:100000:scope)] ITK Id:57277, fId:0, T:1, I=0, M=0
05-27 10:14:32.502  3088  3088 I C03934/com.huawei.ARSample/AceUIEvent: [(100000:100000:scope)] TpFlush end by up event
05-27 10:14:32.502  3088  3088 I C03945/com.huawei.ARSample/AceStateStyle: [(100000:100000:scope)] Handle TouchUp or Cancel event node: Button
05-27 10:14:32.502  3088  3088 I C03F07/MUSL: [gwp_asan]: AvgDuration 181057 us, FreeSlotsLength 23
05-27 10:14:32.502  3088  3088 I C0391E/com.huawei.ARSample/AceGesture: [(100000:100000:scope)] Click try accept Button
05-27 10:14:32.503  3088  3088 I C03951/com.huawei.ARSample/InputKeyFlow: [(100000:100000:scope)] CLK RACC, T: Button
05-27 10:14:32.504  3088  3088 I C03919/com.huawei.ARSample/AceInputTracking: [(100000:100000:scope)] Consumed id:57277, last id:57276
05-27 10:14:32.504  3088  3088 I C04213/com.huawei.ARSample/InputKeyFlow: ConsumePointerEventInner: InputId:57277,wid:302,pointId:0,srcType:2,rect:[0,0,1256,2760],notify:1
05-27 10:14:32.505  3088  3088 I C03922/com.huawei.ARSample/AceNavigation: [(100000:100000:scope)] sync with js stack, id: , UINodeId: 5, preStackSize: 0, newStackSize: 1
05-27 10:14:32.506  3088  3088 I C03922/com.huawei.ARSample/AceNavigation: [(100000:100000:scope)] find in nowhere, navigation stack create new node, index: 0, removeSize: 0, name: ARRingHunt.
05-27 10:14:32.506  3088  3088 W C03922/com.huawei.ARSample/AceNavigation: [(100000:100000:scope)] Builder function is empty
05-27 10:14:32.506  3088  3088 I C03922/com.huawei.ARSample/AceNavigation: [(100000:100000:scope)] load navdestination, bundleName: com.huawei.ARSample, moduleName: entry
05-27 10:14:32.506  3088  3088 I C03F00/com.huawei.ARSample/ArkCompiler: [ecmascript] Route jump to non-singleton page: com.huawei.ARSample/entry/ets/pages/ARRingHunt
05-27 10:14:32.524  3088  3088 W C03F07/MUSL-LDSO: Error loading header libneural_network_runtime.so: failed to map header
05-27 10:14:32.524  3088  3088 W C03F07/MUSL-LDSO: dlopen_impl load library header failed for libneural_network_runtime.so
05-27 10:14:32.525  3088  3088 W C02510/com.huawei.ARSample/load_hdi: OpenHdiServiceImpl failed to get symbol of 'HiaiHclImplRelease', do_dlsym failed: Symbol not found: HiaiHclImplRelease, version: null so=/vendor/lib64/passthrough/libhiai_hcl_service_2.0.z.so
05-27 10:14:32.529  3088  3088 W C02150/com.huawei.ARSample/AI_INFRA: dma_heap_alloc.cpp DmaHeapAlloc(44)::"systemHeapFd open failed"
05-27 10:14:32.529  3088  3088 W C02150/com.huawei.ARSample/AI_INFRA: dma_heap_alloc.cpp DmaHeapAlloc(49)::"tinyHeapFd open failed"
05-27 10:14:32.529  3088  3088 W C02150/com.huawei.ARSample/AI_INFRA: dma_heap_alloc.cpp DmaHeapAlloc(54)::"miscHeapFd open failed"
05-27 10:14:32.529  3088  3088 W C02150/com.huawei.ARSample/AI_INFRA: dma_heap_alloc.cpp DmaHeapAlloc(59)::"aodHeapFd open failed"
05-27 10:14:32.529  3088  3088 W C02150/com.huawei.ARSample/AI_INFRA: dma_heap_alloc.cpp DmaHeapAlloc(64)::"npuHugePageHeapFd open failed"
05-27 10:14:32.529  3088  3088 W C02510/com.huawei.ARSample/load_hdi: OpenHdiServiceImpl failed to get symbol of 'HiaiSingleOpImplRelease', do_dlsym failed: Symbol not found: HiaiSingleOpImplRelease, version: null so=/vendor/lib64/passthrough/libhiai_single_op_service_2.0.z.so
05-27 10:14:32.529  3088  3088 W C02510/com.huawei.ARSample/load_hdi: OpenHdiServiceImpl failed to get symbol of 'HiaiKernelExecutorImplRelease', do_dlsym failed: Symbol not found: HiaiKernelExecutorImplRelease, version: null so=/vendor/lib64/passthrough/libhiai_kernel_executor_service_2.0.z.so
05-27 10:14:32.530  3088  3088 W C02D07/com.huawei.ARSample/Verify: invalid configName=
05-27 10:14:32.530  3088  3088 I C02D07/com.huawei.ARSample/ObserverMgr: succ to register application state callback
05-27 10:14:32.531  3088  3088 I C02D07/com.huawei.ARSample/ModuleLoader: succ to load module=/system/lib64/libha_app_event.z.so.
05-27 10:14:32.533  3088  3132 W C01650/com.huawei.ARSample/RdbStoreManager: IsConfigInvalidChanged:no bundleName
05-27 10:14:32.534  3088  3132 E C01650/com.huawei.ARSample/SilentProxy: IsSupportSilentFromService:GetRdbService failed, err is 27394049.
05-27 10:14:32.535  3088  3132 I C01630/com.huawei.ARSample/DistributedDB: [Logger] init
05-27 10:14:32.535  3088  3132 I C01630/com.huawei.ARSample/DistributedDB: [TimeHelper] init
05-27 10:14:32.537  3088  3132 I C01650/com.huawei.ARSample/Config: Log:Error(283) recovered 68 frames from WAL file /dat***/sto***/e**/bas***/fil***/hia***ent/dat***ses/app***.db-wal 
05-27 10:14:32.539  3088  3132 I C01650/com.huawei.ARSample/ConnectionPool: Create:code:0 app[:] area[el2] cfg[0,0,0,0,1,0,0]app***.db:<DB,0x2cf9b,36864,100660><DWR,0x2cf97,12288,100660><SHM,0x2d3dc,32768,100660><WAL,0x2cf9f,412032,100660>, pathSize:61
05-27 10:14:32.539  3088  3132 I C02D07/com.huawei.ARSample/Store: create db store successfully
05-27 10:14:32.540  3088  3132 I C02D07/com.huawei.ARSample/ObserverDao: succ to query observer seq=1, name=ha_app_event, hash=463812906050501834
05-27 10:14:32.540  3088  3088 I C02D07/com.huawei.ARSample/ObserverMgr: register processor=1 successfully
05-27 10:14:32.540  3088  3088 I C03F04/com.huawei.ARSample/MMG: [NMM:322]Tail:default/entry
05-27 10:14:32.541  3088  3088 I C03F00/com.huawei.ARSample/ArkCompiler: [ecmascript] Route jump to non-singleton page: com.huawei.ARSample/entry/ets/pages/ARRingHunt
05-27 10:14:32.541  3088  3088 W C03922/com.huawei.ARSample/AceNavigation: [(100000:100000:scope)] insert builder failed, update builder: ARRingHunt
05-27 10:14:32.543  3088  3088 I C03922/com.huawei.ARSample/AceNavigation: [(100000:100000:scope)] render current custom node: f3
05-27 10:14:32.544  3088  3088 I C03922/com.huawei.ARSample/AceNavigation: [(100000:100000:scope)] ARRingHunt lifecycle change to onWillAppear state. navdestinationId:31, navigationId:5
05-27 10:14:32.544  3088  3088 I C03922/com.huawei.ARSample/AceNavigation: [(100000:100000:scope)] last standard page index is 0
05-27 10:14:32.544  3088  3088 I C03922/com.huawei.ARSample/AceNavigation: [(100000:100000:scope)] serialize navDestination param success! its index: 0
05-27 10:14:32.544  3088  3088 I C03922/com.huawei.ARSample/AceNavigation: [(100000:100000:scope)] mountToParent navdestinationId:31, slot:0
05-27 10:14:32.544  3088  3088 I C03922/com.huawei.ARSample/AceNavigation: [(100000:100000:scope)] navDestination context is ready.
05-27 10:14:32.545  3088  3088 I C02B3F/com.huawei.ARSample/VIDEOPROCESSENGINE: [video_processing_client.cpp][CheckService 389] Try to check VPE SA.
05-27 10:14:32.546  3088  3088 I C02B3F/com.huawei.ARSample/VIDEOPROCESSENGINE: [video_processing_client.cpp][CheckService 394] SA is already start
05-27 10:14:32.546  3088  3088 I C03900/com.huawei.ARSample/Ace: [(100000:100000:scope)] get angle info: 
05-27 10:14:32.546  3088  3088 W C03931/com.huawei.ARSample/AceXcomponent: [(100000:100000:scope)] XComponent[1779848072542ARRingHunt]'s can not get rotation FoldDisplayMode 0 angleConfig 
05-27 10:14:32.548  3088  3088 I C03922/com.huawei.ARSample/AceNavigation: [(100000:100000:scope)] ARRingHunt lifecycle change to onAppear state. navdestinationId:31, navigationId:5
05-27 10:14:32.548  3088  3088 I C03931/com.huawei.ARSample/AceXcomponent: [(100000:100000:scope)] InitializeAccessibilityCallback
05-27 10:14:32.549  3088  3088 I C03931/com.huawei.ARSample/AceXcomponent: [(100000:100000:scope)] InitializeAccessibility accessibilityId: 38
05-27 10:14:32.549  3088  3088 I C03931/com.huawei.ARSample/AceXcomponent: [(100000:100000:scope)] XComponent[1779848072542ARRingHunt] AttachToMainTree
05-27 10:14:32.549  3088  3088 I C0391C/com.huawei.ARSample/AceFocus: [(100000:100000:scope)] view: NavDestination/31 show
05-27 10:14:32.549  3088  3088 I C03922/com.huawei.ARSample/AceNavigation: [(100000:100000:scope)] transition start, disableAllAnimation: 0, animated: 1, isPopPage: 0, isDialog: 0, isReplace: 0, isCustomAnimation: 0
05-27 10:14:32.549  3088  3088 I A00000/com.huawei.ARSample/[ARSample][C]: Global::Init
05-27 10:14:32.549  3088  3088 E A00000/com.huawei.ARSample/[ARSample][C]: NapiManager::Before CreateApp is:ARRingHunt
05-27 10:14:32.549  3088  3088 I C03922/com.huawei.ARSample/AceNavigation: [(100000:100000:scope)] ARRingHunt lifecycle change to onWillShow state. navdestinationId:31, navigationId:5
05-27 10:14:32.549  3088  3229 I C05820/com.huawei.ARSample/AREngine: [file_utils.cpp 84] get config /sys_prod/etc/arengine/config/ar_engine_config.xml!
05-27 10:14:32.550  3088  3229 I C05820/com.huawei.ARSample/AREngine: [ar_session_core.cpp 507] session Stop in state 0.
05-27 10:14:32.550  3088  3229 I C05820/com.huawei.ARSample/AREngine: [ar_image_impl.cpp 57] nativeBuffer release completed.
05-27 10:14:32.550  3088  3229 I C05820/com.huawei.ARSample/AREngine: [ar_session_core.cpp 55] new session 
05-27 10:14:32.550  3088  3229 I C05820/com.huawei.ARSample/AREngine: [ar_config_impl.cpp 22] Connect CheckPreviewSize
05-27 10:14:32.550  3088  3229 I C02B01/com.huawei.ARSample/CAMERA: {GetInstance():1628} Initializing camera manager for first time!
05-27 10:14:32.550  3088  3229 I C02B01/com.huawei.ARSample/CAMERA: {CameraManager():169} CameraManager::CameraManager construct enter
05-27 10:14:32.550  3088  3229 I C02B01/com.huawei.ARSample/CAMERA: {SubscribeSystemAbility():1193} Enter Into CameraManager::SubscribeSystemAbility
05-27 10:14:32.550  3088  3229 I C02B01/com.huawei.ARSample/CAMERA: {SubscribeSystemAbility():1206} SubscribeSystemAbility ret = 0
05-27 10:14:32.551  3088  3141 I C02B01/com.huawei.ARSample/CAMERA: {OnAddSystemAbility():25} OnAddSystemAbility,id: 3008
05-27 10:14:32.552  3088  3229 I C02B01/com.huawei.ARSample/CAMERA: {GetBundleName():1171} bundleName: [<private>]
05-27 10:14:32.552  3088  3088 W C01409/com.huawei.ARSample/APS_MANAGER: redo Connect
05-27 10:14:32.552  3088  3088 I C01409/com.huawei.ARSample/APS_MANAGER: Start to ConnectService
05-27 10:14:32.552  3088  3088 I C01409/com.huawei.ARSample/APS_MANAGER: GetSystemAbilityManager success
05-27 10:14:32.553  3088  3141 I C02B01/com.huawei.ARSample/CAMERA: {AddServiceProxyDeathRecipient():1293} CameraManager::AddServiceProxyDeathRecipient remove last deathRecipient
05-27 10:14:32.553  3088  3229 W C04201/com.huawei.ARSample/DMS: RegisterClientDeathListener: regis reverse death
05-27 10:14:32.553  3088  3088 I C01409/com.huawei.ARSample/APS_MANAGER: GetSystemAbility success
05-27 10:14:32.553  3088  3229 I C04201/com.huawei.ARSample/DMS: RegisterClientDeathListener: ENTER
05-27 10:14:32.553  3088  3088 E C057C2/com.huawei.ARSample/IPCObjectProxy: PrintErrorDetailedInfo: failed, handle:29 error:-1 desc:*.IApsManager proxy:2490216832 time:422775819643304
05-27 10:14:32.553  3088  3088 E C01409/com.huawei.ARSample/APS_MANAGER: [ApsManagerProxy::GetEvent] SendRequest is failed, error code: <private>
05-27 10:14:32.553  3088  3088 E C01409/com.huawei.ARSample/APS_MANAGER: [GetEvent] write errorCode failed
05-27 10:14:32.553  3088  3088 I C03931/com.huawei.ARSample/AceXcomponent: [(100000:100000:scope)] XComponent[1779848072542ARRingHunt] triggers onLoad and OnSurfaceCreated callback
05-27 10:14:32.553  3088  3088 I C03931/com.huawei.ARSample/AceXcomponent: [(100000:100000:scope)] XComponent[1779848072542ARRingHunt] native OnSurfaceCreated
05-27 10:14:32.553  3088  3088 I A0FF00/com.huawei.ARSample/[ARSample][Js]: XComponent onLoad 1779848072542ARRingHunt.
05-27 10:14:32.553  3088  3088 I C03931/com.huawei.ARSample/AceXcomponent: [(100000:100000:scope)] XComponent[1779848072542ARRingHunt] onLoad triggers
05-27 10:14:32.553  3088  3088 I C01406/com.huawei.ARSample/RSNode: RSNode::AddChild, Id: 13262859010087, SurfaceNode:[Id: 13262859010088, name: 1779848072542ARRingHuntSurface]
05-27 10:14:32.554  3088  3088 I C03922/com.huawei.ARSample/AceNavigation: [(100000:100000:scope)] ARRingHunt lifecycle change to onShown state. navdestinationId:31, navigationId:5
05-27 10:14:32.554  3088  3088 I C03922/com.huawei.ARSample/AceNavigation: [(100000:100000:scope)] ARRingHunt lifecycle change to onActive state. navdestinationId:31, navigationId:5
05-27 10:14:32.554  3088  3088 I C03922/com.huawei.ARSample/AceNavigation: [(100000:100000:scope)] can't find inner navigation
05-27 10:14:32.554  3088  3088 I C03922/com.huawei.ARSample/AceNavigation: [(100000:100000:scope)] navigation push animation start
05-27 10:14:32.555  3088  3088 I C01406/com.huawei.ARSample/OHOS::RS: RSCanvasDrawingNode::ResetSurface id:13262859010089 width:1256 height:2526
05-27 10:14:32.555  3088  3088 I C0391C/com.huawei.ARSample/AceFocus: [(100000:100000:scope)] Request focus on focusView: NavDestination/31.
05-27 10:14:32.555  3088  3088 I C0391C/com.huawei.ARSample/AceFocus: [(100000:100000:scope)] FocusSwitch end, Navigation/secure_field onBlur, NavDestination/secure_field onFocus, start: 2, end: 1, update: 2
05-27 10:14:32.555  3088  3088 I C03933/com.huawei.ARSample/AceKeyboard: [(100000:100000:scope)] current focus node: (NavDestination/31). isDynamic: 0
05-27 10:14:32.555  3088  3088 I C03933/com.huawei.ARSample/AceKeyboard: [(100000:100000:scope)] FrameNode(NavDestination/31) notNeedSoftKeyboard.
05-27 10:14:32.556  3088  3088 I C02D66/com.huawei.ARSample/Hiview-PerfMonitor: ProcessJank: JankFrameMonitor::ProcessJank jank >= threshold
05-27 10:14:32.556  3088  3229 I C02B01/com.huawei.ARSample/CAMERA: {GetDmDeviceInfo():1655} CameraManager::GetDmDeviceInfo size=0
05-27 10:14:32.557  3088  3229 W C02510/com.huawei.ARSample/load_hdi: OpenHdiServiceImpl failed to get symbol of 'CameraVendorTagImplRelease', do_dlsym failed: Symbol not found: CameraVendorTagImplRelease, version: null so=/vendor/lib64/passthrough/libcamera_vendor_tag_service_1.0.z.so
05-27 10:14:32.557  3088  3229 I C02B01/com.huawei.ARSample/CAMERA: {CameraDevice():103} camera cameraid = device/0, devicename: = 
05-27 10:14:32.557  3088  3229 I C02B01/com.huawei.ARSample/CAMERA: {init():199} type:<private>
05-27 10:14:32.557  3088  3229 I C02B01/com.huawei.ARSample/CAMERA: {init():199} type:<private>
05-27 10:14:32.557  3088  3229 I C02B01/com.huawei.ARSample/CAMERA: {init():199} type:<private>
05-27 10:14:32.557  3088  3229 I C02B01/com.huawei.ARSample/CAMERA: {init():199} type:<private>
05-27 10:14:32.557  3088  3229 I C02B01/com.huawei.ARSample/CAMERA: {init():199} type:<private>
05-27 10:14:32.557  3088  3229 I C02B01/com.huawei.ARSample/CAMERA: {init():199} type:<private>
05-27 10:14:32.557  3088  3229 I C02B01/com.huawei.ARSample/CAMERA: {init():199} type:<private>
05-27 10:14:32.557  3088  3229 I C02B01/com.huawei.ARSample/CAMERA: {init():199} type:<private>
05-27 10:14:32.557  3088  3229 I C02B01/com.huawei.ARSample/CAMERA: {init():199} type:<private>
05-27 10:14:32.557  3088  3229 I C02B01/com.huawei.ARSample/CAMERA: {init():211} CameraDevice::init sensorColorFilterArrangement_:<private>
05-27 10:14:32.557  3088  3229 I C02B01/com.huawei.ARSample/CAMERA: {init():225}  CameraDevice::init OHOS_ABILITY_IS_LOGICAL_CAMERA surpport
05-27 10:14:32.557  3088  3229 I C02B01/com.huawei.ARSample/CAMERA: {InitLensDistortion():270} CameraDevice::InitLensDistortion, lensDistortion_ size: 5, lensDistortion_: [0,0,0,0,0]
05-27 10:14:32.557  3088  3229 I C02B01/com.huawei.ARSample/CAMERA: {InitLensIntrinsicCalibration():289} CameraDevice::InitLensIntrinsicCalibration, lensIntrinsicCalibration_ size: 5, lensIntrinsicCalibration_: [0,0,0,0,0]
05-27 10:14:32.557  3088  3229 I C02B01/com.huawei.ARSample/CAMERA: {InitSensorPhysicalSize():307} CameraDevice::InitSensorPhysicalSize, sensorPhysicalSize_ size: 2, sensorPhysicalSize_: [10.027,7.52026]
05-27 10:14:32.558  3088  3229 I C02B01/com.huawei.ARSample/CAMERA: {InitSensorPixelArraySize():325} CameraDevice::InitSensorPixelArraySize, sensorPixelArraySize_ size: 2, sensorPixelArraySize_: [8192,6144]
05-27 10:14:32.558  3088  3229 I C02B01/com.huawei.ARSample/CAMERA: {InitLensEquivalentFocalLength():344} CameraDevice::InitLensEquivalentFocalLength, lensEquivalentFocalLength size: 3, lensEquivalentFocalLength: [13,24,90]
05-27 10:14:32.558  3088  3229 I C02B01/com.huawei.ARSample/CAMERA: {InitVariableOrientation():352} CameraDevice::InitVariableOrientation variable orientation is closed
05-27 10:14:32.558  3088  3229 I C02B01/com.huawei.ARSample/CAMERA: {init():253} camera position: 1, camera type: 0, camera connection type: 0, camera foldScreen type: 0, camera orientation: 90, isretractable: 0, moduleType: 2, foldStatus: 0, supportSpecSearch: 1
05-27 10:14:32.558  3088  3229 I C02B01/com.huawei.ARSample/CAMERA: {SetConstituentCameraDevices():1584} CameraManager::SetConstituentCameraDevices,cameraId: device/0, ConstituentCameraDevices: [2,4,5]
05-27 10:14:32.558  3088  3229 I C02B01/com.huawei.ARSample/CAMERA: {SetFullPreviewProfiles():699} Set full preview profiles for mode: 1, profile size: 45
05-27 10:14:32.558  3088  3229 I C02B01/com.huawei.ARSample/CAMERA: {SetFullPreviewProfiles():699} Set full preview profiles for mode: 2, profile size: 180
05-27 10:14:32.559  3088  3229 I C02B01/com.huawei.ARSample/CAMERA: {SetFullPreviewProfiles():699} Set full preview profiles for mode: 3, profile size: 15
05-27 10:14:32.559  3088  3229 I C02B01/com.huawei.ARSample/CAMERA: {SetFullPreviewProfiles():699} Set full preview profiles for mode: 7, profile size: 30
05-27 10:14:32.559  3088  3229 I C02B01/com.huawei.ARSample/CAMERA: {SetFullPreviewProfiles():699} Set full preview profiles for mode: 4, profile size: 30
05-27 10:14:32.559  3088  3229 I C02B01/com.huawei.ARSample/CAMERA: {SetFullPreviewProfiles():699} Set full preview profiles for mode: 6, profile size: 15
05-27 10:14:32.559  3088  3229 I C02B01/com.huawei.ARSample/CAMERA: {SetFullPreviewProfiles():699} Set full preview profiles for mode: 13, profile size: 30
05-27 10:14:32.559  3088  3229 I C02B01/com.huawei.ARSample/CAMERA: {SetFullPreviewProfiles():699} Set full preview profiles for mode: 14, profile size: 2
05-27 10:14:32.559  3088  3229 I C02B01/com.huawei.ARSample/CAMERA: {SetFullPreviewProfiles():699} Set full preview profiles for mode: 8, profile size: 30
05-27 10:14:32.559  3088  3229 I C02B01/com.huawei.ARSample/CAMERA: {SetFullPreviewProfiles():699} Set full preview profiles for mode: 9, profile size: 90
05-27 10:14:32.560  3088  3229 I C02B01/com.huawei.ARSample/CAMERA: {SetFullPreviewProfiles():699} Set full preview profiles for mode: 11, profile size: 30
05-27 10:14:32.560  3088  3229 I C02B01/com.huawei.ARSample/CAMERA: {SetFullPreviewProfiles():699} Set full preview profiles for mode: 12, profile size: 90
05-27 10:14:32.560  3088  3229 I C02B01/com.huawei.ARSample/CAMERA: {SetFullPreviewProfiles():699} Set full preview profiles for mode: 16, profile size: 30
05-27 10:14:32.560  3088  3229 I C02B01/com.huawei.ARSample/CAMERA: {SetFullPreviewProfiles():699} Set full preview profiles for mode: 18, profile size: 34
05-27 10:14:32.560  3088  3229 I C02B01/com.huawei.ARSample/CAMERA: {SetFullPreviewProfiles():699} Set full preview profiles for mode: 19, profile size: 32
05-27 10:14:32.560  3088  3229 I C02B01/com.huawei.ARSample/CAMERA: {SetFullPreviewProfiles():699} Set full preview profiles for mode: 17, profile size: 30
05-27 10:14:32.560  3088  3229 I C02B01/com.huawei.ARSample/CAMERA: {SetFullPreviewProfiles():699} Set full preview profiles for mode: 20, profile size: 3
05-27 10:14:32.560  3088  3229 I C02B01/com.huawei.ARSample/CAMERA: {SetFullPreviewProfiles():699} Set full preview profiles for mode: 23, profile size: 30
05-27 10:14:32.560  3088  3229 I C02B01/com.huawei.ARSample/CAMERA: {SetFullPreviewProfiles():699} Set full preview profiles for mode: 24, profile size: 3
05-27 10:14:32.560  3088  3229 I C02B01/com.huawei.ARSample/CAMERA: {SetFullPreviewProfiles():699} Set full preview profiles for mode: 0, profile size: 30
05-27 10:14:32.560  3088  3229 I C02B01/com.huawei.ARSample/CAMERA: {SetMultiCameraCombinationInfo():1603} CameraManager::SetMultiCameraCombinationInfo OHOS_ABILITY_UNSUPPORTED_MULTI_CAMERA_COMBINATIONS:0
05-27 10:14:32.560  3088  3229 I C02B01/com.huawei.ARSample/CAMERA: {SetMultiCameraCombinationInfo():1603} CameraManager::SetMultiCameraCombinationInfo OHOS_ABILITY_UNSUPPORTED_MULTI_CAMERA_COMBINATIONS:1
05-27 10:14:32.560  3088  3229 I C02B01/com.huawei.ARSample/CAMERA: {SetMultiCameraCombinationInfo():1603} CameraManager::SetMultiCameraCombinationInfo OHOS_ABILITY_UNSUPPORTED_MULTI_CAMERA_COMBINATIONS:2
05-27 10:14:32.560  3088  3229 I C02B01/com.huawei.ARSample/CAMERA: {SetMultiCameraCombinationInfo():1603} CameraManager::SetMultiCameraCombinationInfo OHOS_ABILITY_UNSUPPORTED_MULTI_CAMERA_COMBINATIONS:-1
05-27 10:14:32.560  3088  3229 I C02B01/com.huawei.ARSample/CAMERA: {SetMultiCameraCombinationInfo():1603} CameraManager::SetMultiCameraCombinationInfo OHOS_ABILITY_UNSUPPORTED_MULTI_CAMERA_COMBINATIONS:0
05-27 10:14:32.560  3088  3229 I C02B01/com.huawei.ARSample/CAMERA: {SetMultiCameraCombinationInfo():1603} CameraManager::SetMultiCameraCombinationInfo OHOS_ABILITY_UNSUPPORTED_MULTI_CAMERA_COMBINATIONS:1
05-27 10:14:32.560  3088  3229 I C02B01/com.huawei.ARSample/CAMERA: {SetMultiCameraCombinationInfo():1603} CameraManager::SetMultiCameraCombinationInfo OHOS_ABILITY_UNSUPPORTED_MULTI_CAMERA_COMBINATIONS:4
05-27 10:14:32.560  3088  3229 I C02B01/com.huawei.ARSample/CAMERA: {SetMultiCameraCombinationInfo():1603} CameraManager::SetMultiCameraCombinationInfo OHOS_ABILITY_UNSUPPORTED_MULTI_CAMERA_COMBINATIONS:-1
05-27 10:14:32.560  3088  3229 I C02B01/com.huawei.ARSample/CAMERA: {SetMultiCameraCombinationInfo():1603} CameraManager::SetMultiCameraCombinationInfo OHOS_ABILITY_UNSUPPORTED_MULTI_CAMERA_COMBINATIONS:0
05-27 10:14:32.560  3088  3229 I C02B01/com.huawei.ARSample/CAMERA: {SetMultiCameraCombinationInfo():1603} CameraManager::SetMultiCameraCombinationInfo OHOS_ABILITY_UNSUPPORTED_MULTI_CAMERA_COMBINATIONS:1
05-27 10:14:32.560  3088  3229 I C02B01/com.huawei.ARSample/CAMERA: {SetMultiCameraCombinationInfo():1603} CameraManager::SetMultiCameraCombinationInfo OHOS_ABILITY_UNSUPPORTED_MULTI_CAMERA_COMBINATIONS:5
05-27 10:14:32.560  3088  3229 I C02B01/com.huawei.ARSample/CAMERA: {SetMultiCameraCombinationInfo():1603} CameraManager::SetMultiCameraCombinationInfo OHOS_ABILITY_UNSUPPORTED_MULTI_CAMERA_COMBINATIONS:-1
05-27 10:14:32.560  3088  3229 I C02B01/com.huawei.ARSample/CAMERA: {SetMultiCameraCombinationInfo():1603} CameraManager::SetMultiCameraCombinationInfo OHOS_ABILITY_UNSUPPORTED_MULTI_CAMERA_COMBINATIONS:0
05-27 10:14:32.560  3088  3229 I C02B01/com.huawei.ARSample/CAMERA: {SetMultiCameraCombinationInfo():1603} CameraManager::SetMultiCameraCombinationInfo OHOS_ABILITY_UNSUPPORTED_MULTI_CAMERA_COMBINATIONS:1
05-27 10:14:32.560  3088  3229 I C02B01/com.huawei.ARSample/CAMERA: {SetMultiCameraCombinationInfo():1603} CameraManager::SetMultiCameraCombinationInfo OHOS_ABILITY_UNSUPPORTED_MULTI_CAMERA_COMBINATIONS:3
05-27 10:14:32.560  3088  3229 I C02B01/com.huawei.ARSample/CAMERA: {SetMultiCameraCombinationInfo():1603} CameraManager::SetMultiCameraCombinationInfo OHOS_ABILITY_UNSUPPORTED_MULTI_CAMERA_COMBINATIONS:-1
05-27 10:14:32.560  3088  3229 I C02B01/com.huawei.ARSample/CAMERA: {operator()():1620} HCameraDeviceManager::CalMultiCameraCombinationInfo, unsupportedMultiCameraCombinationsMap_ cameraId: 0, unsupportedMultiCameraCombinationsMap_: [0,1,2,3]
05-27 10:14:32.560  3088  3229 I C02B01/com.huawei.ARSample/CAMERA: {operator()():1620} HCameraDeviceManager::CalMultiCameraCombinationInfo, unsupportedMultiCameraCombinationsMap_ cameraId: 1, unsupportedMultiCameraCombinationsMap_: [0,1,2,3]
05-27 10:14:32.560  3088  3229 I C02B01/com.huawei.ARSample/CAMERA: {operator()():1620} HCameraDeviceManager::CalMultiCameraCombinationInfo, unsupportedMultiCameraCombinationsMap_ cameraId: 2, unsupportedMultiCameraCombinationsMap_: [0]
05-27 10:14:32.560  3088  3229 I C02B01/com.huawei.ARSample/CAMERA: {operator()():1620} HCameraDeviceManager::CalMultiCameraCombinationInfo, unsupportedMultiCameraCombinationsMap_ cameraId: 3, unsupportedMultiCameraCombinationsMap_: [3]
05-27 10:14:32.560  3088  3229 I C02B01/com.huawei.ARSample/CAMERA: {operator()():1620} HCameraDeviceManager::CalMultiCameraCombinationInfo, unsupportedMultiCameraCombinationsMap_ cameraId: 4, unsupportedMultiCameraCombinationsMap_: [1]
05-27 10:14:32.560  3088  3229 I C02B01/com.huawei.ARSample/CAMERA: {operator()():1620} HCameraDeviceManager::CalMultiCameraCombinationInfo, unsupportedMultiCameraCombinationsMap_ cameraId: 5, unsupportedMultiCameraCombinationsMap_: [2]
05-27 10:14:32.561  3088  3229 I C02B01/com.huawei.ARSample/CAMERA: {CameraDevice():103} camera cameraid = device/1, devicename: = 
05-27 10:14:32.561  3088  3229 I C02B01/com.huawei.ARSample/CAMERA: {init():199} type:<private>
05-27 10:14:32.561  3088  3229 I C02B01/com.huawei.ARSample/CAMERA: {init():199} type:<private>
05-27 10:14:32.561  3088  3229 I C02B01/com.huawei.ARSample/CAMERA: {init():199} type:<private>
05-27 10:14:32.561  3088  3229 I C02B01/com.huawei.ARSample/CAMERA: {init():199} type:<private>
05-27 10:14:32.561  3088  3229 I C02B01/com.huawei.ARSample/CAMERA: {init():199} type:<private>
05-27 10:14:32.561  3088  3229 I C02B01/com.huawei.ARSample/CAMERA: {init():199} type:<private>
05-27 10:14:32.561  3088  3229 I C02B01/com.huawei.ARSample/CAMERA: {init():199} type:<private>
05-27 10:14:32.561  3088  3229 I C02B01/com.huawei.ARSample/CAMERA: {init():199} type:<private>
05-27 10:14:32.561  3088  3229 I C02B01/com.huawei.ARSample/CAMERA: {init():199} type:<private>
05-27 10:14:32.561  3088  3229 I C02B01/com.huawei.ARSample/CAMERA: {init():211} CameraDevice::init sensorColorFilterArrangement_:<private>
05-27 10:14:32.561  3088  3229 I C02B01/com.huawei.ARSample/CAMERA: {init():225}  CameraDevice::init OHOS_ABILITY_IS_LOGICAL_CAMERA surpport
05-27 10:14:32.561  3088  3229 I C02B01/com.huawei.ARSample/CAMERA: {InitLensDistortion():270} CameraDevice::InitLensDistortion, lensDistortion_ size: 5, lensDistortion_: [0,0,0,0,0]
05-27 10:14:32.561  3088  3229 I C02B01/com.huawei.ARSample/CAMERA: {InitLensIntrinsicCalibration():289} CameraDevice::InitLensIntrinsicCalibration, lensIntrinsicCalibration_ size: 5, lensIntrinsicCalibration_: [0,0,0,0,0]
05-27 10:14:32.561  3088  3229 I C02B01/com.huawei.ARSample/CAMERA: {InitSensorPhysicalSize():307} CameraDevice::InitSensorPhysicalSize, sensorPhysicalSize_ size: 2, sensorPhysicalSize_: [5.0752,3.8064]
05-27 10:14:32.561  3088  3229 I C02B01/com.huawei.ARSample/CAMERA: {InitSensorPixelArraySize():325} CameraDevice::InitSensorPixelArraySize, sensorPixelArraySize_ size: 2, sensorPixelArraySize_: [4160,3120]
05-27 10:14:32.561  3088  3229 I C02B01/com.huawei.ARSample/CAMERA: {InitLensEquivalentFocalLength():344} CameraDevice::InitLensEquivalentFocalLength, lensEquivalentFocalLength size: 1, lensEquivalentFocalLength: [24]
05-27 10:14:32.561  3088  3229 I C02B01/com.huawei.ARSample/CAMERA: {InitVariableOrientation():352} CameraDevice::InitVariableOrientation variable orientation is closed
05-27 10:14:32.561  3088  3229 I C02B01/com.huawei.ARSample/CAMERA: {init():253} camera position: 2, camera type: 0, camera connection type: 0, camera foldScreen type: 0, camera orientation: 270, isretractable: 0, moduleType: 2, foldStatus: 0, supportSpecSearch: 1
05-27 10:14:32.561  3088  3229 I C02B01/com.huawei.ARSample/CAMERA: {SetConstituentCameraDevices():1584} CameraManager::SetConstituentCameraDevices,cameraId: device/1, ConstituentCameraDevices: [3]
05-27 10:14:32.561  3088  3229 I C02B01/com.huawei.ARSample/CAMERA: {SetFullPreviewProfiles():699} Set full preview profiles for mode: 1, profile size: 45
05-27 10:14:32.562  3088  3229 I C02B01/com.huawei.ARSample/CAMERA: {SetFullPreviewProfiles():699} Set full preview profiles for mode: 2, profile size: 180
05-27 10:14:32.562  3088  3229 I C02B01/com.huawei.ARSample/CAMERA: {SetFullPreviewProfiles():699} Set full preview profiles for mode: 3, profile size: 15
05-27 10:14:32.562  3088  3229 I C02B01/com.huawei.ARSample/CAMERA: {SetFullPreviewProfiles():699} Set full preview profiles for mode: 4, profile size: 30
05-27 10:14:32.562  3088  3229 I C02B01/com.huawei.ARSample/CAMERA: {SetFullPreviewProfiles():699} Set full preview profiles for mode: 13, profile size: 30
05-27 10:14:32.562  3088  3229 I C02B01/com.huawei.ARSample/CAMERA: {SetFullPreviewProfiles():699} Set full preview profiles for mode: 15, profile size: 6
05-27 10:14:32.562  3088  3229 I C02B01/com.huawei.ARSample/CAMERA: {SetFullPreviewProfiles():699} Set full preview profiles for mode: 19, profile size: 32
05-27 10:14:32.562  3088  3229 I C02B01/com.huawei.ARSample/CAMERA: {SetFullPreviewProfiles():699} Set full preview profiles for mode: 0, profile size: 30
05-27 10:14:32.562  3088  3229 E C02B01/com.huawei.ARSample/CAMERA: {AlignVideoFpsProfile():2562} CameraManager::AlignVideoFpsProfile enter
05-27 10:14:32.563  3088  3229 I C02B01/com.huawei.ARSample/CAMERA: {GetApiVersion():47} targetVersion: [60000020], apiCompatibleVersion: [20]
05-27 10:14:32.563  3088  3229 I C02B01/com.huawei.ARSample/CAMERA: {AlignVideoFpsProfile():2596} CameraManager::AlignVideoFpsProfile backProfile w(480),h(480), frontProfile w(480),h(480)
05-27 10:14:32.563  3088  3229 I C02B01/com.huawei.ARSample/CAMERA: {AlignVideoFpsProfile():2596} CameraManager::AlignVideoFpsProfile backProfile w(480),h(480), frontProfile w(480),h(480)
05-27 10:14:32.563  3088  3229 I C02B01/com.huawei.ARSample/CAMERA: {AlignVideoFpsProfile():2596} CameraManager::AlignVideoFpsProfile backProfile w(640),h(480), frontProfile w(640),h(480)
05-27 10:14:32.563  3088  3229 I C02B01/com.huawei.ARSample/CAMERA: {AlignVideoFpsProfile():2596} CameraManager::AlignVideoFpsProfile backProfile w(640),h(480), frontProfile w(640),h(480)
05-27 10:14:32.563  3088  3229 I C02B01/com.huawei.ARSample/CAMERA: {AlignVideoFpsProfile():2596} CameraManager::AlignVideoFpsProfile backProfile w(720),h(720), frontProfile w(720),h(720)
05-27 10:14:32.563  3088  3229 I C02B01/com.huawei.ARSample/CAMERA: {AlignVideoFpsProfile():2596} CameraManager::AlignVideoFpsProfile backProfile w(720),h(720), frontProfile w(720),h(720)
05-27 10:14:32.563  3088  3229 I C02B01/com.huawei.ARSample/CAMERA: {AlignVideoFpsProfile():2596} CameraManager::AlignVideoFpsProfile backProfile w(960),h(720), frontProfile w(960),h(720)
05-27 10:14:32.563  3088  3229 I C02B01/com.huawei.ARSample/CAMERA: {AlignVideoFpsProfile():2596} CameraManager::AlignVideoFpsProfile backProfile w(960),h(720), frontProfile w(960),h(720)
05-27 10:14:32.563  3088  3229 I C02B01/com.huawei.ARSample/CAMERA: {AlignVideoFpsProfile():2596} CameraManager::AlignVideoFpsProfile backProfile w(1080),h(1080), frontProfile w(1080),h(1080)
05-27 10:14:32.563  3088  3229 I C02B01/com.huawei.ARSample/CAMERA: {AlignVideoFpsProfile():2596} CameraManager::AlignVideoFpsProfile backProfile w(1080),h(1080), frontProfile w(1080),h(1080)
05-27 10:14:32.563  3088  3229 I C02B01/com.huawei.ARSample/CAMERA: {AlignVideoFpsProfile():2596} CameraManager::AlignVideoFpsProfile backProfile w(1088),h(1088), frontProfile w(1088),h(1088)
05-27 10:14:32.563  3088  3229 I C02B01/com.huawei.ARSample/CAMERA: {AlignVideoFpsProfile():2596} CameraManager::AlignVideoFpsProfile backProfile w(1088),h(1088), frontProfile w(1088),h(1088)
05-27 10:14:32.563  3088  3229 I C02B01/com.huawei.ARSample/CAMERA: {AlignVideoFpsProfile():2596} CameraManager::AlignVideoFpsProfile backProfile w(1280),h(720), frontProfile w(1280),h(720)
05-27 10:14:32.563  3088  3229 I C02B01/com.huawei.ARSample/CAMERA: {AlignVideoFpsProfile():2596} CameraManager::AlignVideoFpsProfile backProfile w(1280),h(720), frontProfile w(1280),h(720)
05-27 10:14:32.563  3088  3229 I C02B01/com.huawei.ARSample/CAMERA: {AlignVideoFpsProfile():2596} CameraManager::AlignVideoFpsProfile backProfile w(1440),h(1080), frontProfile w(1440),h(1080)
05-27 10:14:32.563  3088  3229 I C02B01/com.huawei.ARSample/CAMERA: {AlignVideoFpsProfile():2596} CameraManager::AlignVideoFpsProfile backProfile w(1440),h(1080), frontProfile w(1440),h(1080)
05-27 10:14:32.563  3088  3229 I C02B01/com.huawei.ARSample/CAMERA: {AlignVideoFpsProfile():2596} CameraManager::AlignVideoFpsProfile backProfile w(1920),h(1080), frontProfile w(1920),h(1080)
05-27 10:14:32.563  3088  3229 I C02B01/com.huawei.ARSample/CAMERA: {AlignVideoFpsProfile():2596} CameraManager::AlignVideoFpsProfile backProfile w(1920),h(1080), frontProfile w(1920),h(1080)
05-27 10:14:32.563  3088  3229 I C02B01/com.huawei.ARSample/CAMERA: {AlignVideoFpsProfile():2596} CameraManager::AlignVideoFpsProfile backProfile w(1920),h(1440), frontProfile w(1920),h(1440)
05-27 10:14:32.563  3088  3229 I C02B01/com.huawei.ARSample/CAMERA: {AlignVideoFpsProfile():2596} CameraManager::AlignVideoFpsProfile backProfile w(1920),h(1440), frontProfile w(1920),h(1440)
05-27 10:14:32.563  3088  3229 I C02B01/com.huawei.ARSample/CAMERA: {AlignVideoFpsProfile():2596} CameraManager::AlignVideoFpsProfile backProfile w(2368),h(1080), frontProfile w(2368),h(1080)
05-27 10:14:32.563  3088  3229 I C02B01/com.huawei.ARSample/CAMERA: {AlignVideoFpsProfile():2596} CameraManager::AlignVideoFpsProfile backProfile w(2368),h(1080), frontProfile w(2368),h(1080)
05-27 10:14:32.563  3088  3229 I C02B01/com.huawei.ARSample/CAMERA: {AlignVideoFpsProfile():2596} CameraManager::AlignVideoFpsProfile backProfile w(2560),h(1440), frontProfile w(2560),h(1440)
05-27 10:14:32.563  3088  3229 I C02B01/com.huawei.ARSample/CAMERA: {AlignVideoFpsProfile():2596} CameraManager::AlignVideoFpsProfile backProfile w(2560),h(1440), frontProfile w(2560),h(1440)
05-27 10:14:32.563  3088  3229 I C02B01/com.huawei.ARSample/CAMERA: {AlignVideoFpsProfile():2596} CameraManager::AlignVideoFpsProfile backProfile w(2880),h(2160), frontProfile w(2880),h(2160)
05-27 10:14:32.563  3088  3229 I C02B01/com.huawei.ARSample/CAMERA: {AlignVideoFpsProfile():2596} CameraManager::AlignVideoFpsProfile backProfile w(2880),h(2160), frontProfile w(2880),h(2160)
05-27 10:14:32.563  3088  3229 I C02B01/com.huawei.ARSample/CAMERA: {AlignVideoFpsProfile():2596} CameraManager::AlignVideoFpsProfile backProfile w(3840),h(2160), frontProfile w(3840),h(2160)
05-27 10:14:32.563  3088  3229 I C02B01/com.huawei.ARSample/CAMERA: {AlignVideoFpsProfile():2596} CameraManager::AlignVideoFpsProfile backProfile w(3840),h(2160), frontProfile w(3840),h(2160)
05-27 10:14:32.563  3088  3229 I C02B01/com.huawei.ARSample/CAMERA: {AlignVideoFpsProfile():2607} CameraManager::AlignVideoFpsProfile frontProfile w(480),h(480) fps min(1),min(30)
05-27 10:14:32.563  3088  3229 I C02B01/com.huawei.ARSample/CAMERA: {AlignVideoFpsProfile():2607} CameraManager::AlignVideoFpsProfile frontProfile w(480),h(480) fps min(60),min(60)
05-27 10:14:32.563  3088  3229 I C02B01/com.huawei.ARSample/CAMERA: {AlignVideoFpsProfile():2607} CameraManager::AlignVideoFpsProfile frontProfile w(640),h(480) fps min(1),min(30)
05-27 10:14:32.563  3088  3229 I C02B01/com.huawei.ARSample/CAMERA: {AlignVideoFpsProfile():2607} CameraManager::AlignVideoFpsProfile frontProfile w(640),h(480) fps min(60),min(60)
05-27 10:14:32.563  3088  3229 I C02B01/com.huawei.ARSample/CAMERA: {AlignVideoFpsProfile():2607} CameraManager::AlignVideoFpsProfile frontProfile w(720),h(720) fps min(1),min(30)
05-27 10:14:32.563  3088  3229 I C02B01/com.huawei.ARSample/CAMERA: {AlignVideoFpsProfile():2607} CameraManager::AlignVideoFpsProfile frontProfile w(720),h(720) fps min(60),min(60)
05-27 10:14:32.563  3088  3229 I C02B01/com.huawei.ARSample/CAMERA: {AlignVideoFpsProfile():2607} CameraManager::AlignVideoFpsProfile frontProfile w(960),h(720) fps min(1),min(30)
05-27 10:14:32.563  3088  3229 I C02B01/com.huawei.ARSample/CAMERA: {AlignVideoFpsProfile():2607} CameraManager::AlignVideoFpsProfile frontProfile w(960),h(720) fps min(60),min(60)
05-27 10:14:32.563  3088  3229 I C02B01/com.huawei.ARSample/CAMERA: {AlignVideoFpsProfile():2607} CameraManager::AlignVideoFpsProfile frontProfile w(1080),h(1080) fps min(1),min(30)
05-27 10:14:32.563  3088  3229 I C02B01/com.huawei.ARSample/CAMERA: {AlignVideoFpsProfile():2607} CameraManager::AlignVideoFpsProfile frontProfile w(1080),h(1080) fps min(60),min(60)
05-27 10:14:32.563  3088  3229 I C02B01/com.huawei.ARSample/CAMERA: {AlignVideoFpsProfile():2607} CameraManager::AlignVideoFpsProfile frontProfile w(1088),h(1088) fps min(1),min(30)
05-27 10:14:32.563  3088  3229 I C02B01/com.huawei.ARSample/CAMERA: {AlignVideoFpsProfile():2607} CameraManager::AlignVideoFpsProfile frontProfile w(1088),h(1088) fps min(60),min(60)
05-27 10:14:32.563  3088  3229 I C02B01/com.huawei.ARSample/CAMERA: {AlignVideoFpsProfile():2607} CameraManager::AlignVideoFpsProfile frontProfile w(1280),h(720) fps min(1),min(30)
05-27 10:14:32.563  3088  3229 I C02B01/com.huawei.ARSample/CAMERA: {AlignVideoFpsProfile():2607} CameraManager::AlignVideoFpsProfile frontProfile w(1280),h(720) fps min(60),min(60)
05-27 10:14:32.563  3088  3229 I C02B01/com.huawei.ARSample/CAMERA: {AlignVideoFpsProfile():2607} CameraManager::AlignVideoFpsProfile frontProfile w(1440),h(1080) fps min(1),min(30)
05-27 10:14:32.563  3088  3229 I C02B01/com.huawei.ARSample/CAMERA: {AlignVideoFpsProfile():2607} CameraManager::AlignVideoFpsProfile frontProfile w(1440),h(1080) fps min(60),min(60)
05-27 10:14:32.563  3088  3229 I C02B01/com.huawei.ARSample/CAMERA: {AlignVideoFpsProfile():2607} CameraManager::AlignVideoFpsProfile frontProfile w(1920),h(1080) fps min(1),min(30)
05-27 10:14:32.563  3088  3229 I C02B01/com.huawei.ARSample/CAMERA: {AlignVideoFpsProfile():2607} CameraManager::AlignVideoFpsProfile frontProfile w(1920),h(1080) fps min(60),min(60)
05-27 10:14:32.563  3088  3229 I C02B01/com.huawei.ARSample/CAMERA: {AlignVideoFpsProfile():2607} CameraManager::AlignVideoFpsProfile frontProfile w(1920),h(1440) fps min(1),min(30)
05-27 10:14:32.563  3088  3229 I C02B01/com.huawei.ARSample/CAMERA: {AlignVideoFpsProfile():2607} CameraManager::AlignVideoFpsProfile frontProfile w(1920),h(1440) fps min(60),min(60)
05-27 10:14:32.563  3088  3229 I C02B01/com.huawei.ARSample/CAMERA: {AlignVideoFpsProfile():2607} CameraManager::AlignVideoFpsProfile frontProfile w(2368),h(1080) fps min(1),min(30)
05-27 10:14:32.563  3088  3229 I C02B01/com.huawei.ARSample/CAMERA: {AlignVideoFpsProfile():2607} CameraManager::AlignVideoFpsProfile frontProfile w(2368),h(1080) fps min(60),min(60)
05-27 10:14:32.563  3088  3229 I C02B01/com.huawei.ARSample/CAMERA: {AlignVideoFpsProfile():2607} CameraManager::AlignVideoFpsProfile frontProfile w(2560),h(1440) fps min(1),min(30)
05-27 10:14:32.563  3088  3229 I C02B01/com.huawei.ARSample/CAMERA: {AlignVideoFpsProfile():2607} CameraManager::AlignVideoFpsProfile frontProfile w(2560),h(1440) fps min(60),min(60)
05-27 10:14:32.563  3088  3229 I C02B01/com.huawei.ARSample/CAMERA: {AlignVideoFpsProfile():2607} CameraManager::AlignVideoFpsProfile frontProfile w(2880),h(2160) fps min(1),min(30)
05-27 10:14:32.563  3088  3229 I C02B01/com.huawei.ARSample/CAMERA: {AlignVideoFpsProfile():2607} CameraManager::AlignVideoFpsProfile frontProfile w(2880),h(2160) fps min(60),min(60)
05-27 10:14:32.563  3088  3229 I C02B01/com.huawei.ARSample/CAMERA: {AlignVideoFpsProfile():2607} CameraManager::AlignVideoFpsProfile frontProfile w(3840),h(2160) fps min(1),min(30)
05-27 10:14:32.563  3088  3229 I C02B01/com.huawei.ARSample/CAMERA: {AlignVideoFpsProfile():2607} CameraManager::AlignVideoFpsProfile frontProfile w(3840),h(2160) fps min(60),min(60)
05-27 10:14:32.563  3088  3229 I C02B01/com.huawei.ARSample/CAMERA: {AlignVideoFpsProfile():2607} CameraManager::AlignVideoFpsProfile frontProfile w(480),h(480) fps min(60),min(60)
05-27 10:14:32.563  3088  3229 I C02B01/com.huawei.ARSample/CAMERA: {AlignVideoFpsProfile():2607} CameraManager::AlignVideoFpsProfile frontProfile w(480),h(480) fps min(60),min(60)
05-27 10:14:32.563  3088  3229 I C02B01/com.huawei.ARSample/CAMERA: {AlignVideoFpsProfile():2607} CameraManager::AlignVideoFpsProfile frontProfile w(640),h(480) fps min(60),min(60)
05-27 10:14:32.563  3088  3229 I C02B01/com.huawei.ARSample/CAMERA: {AlignVideoFpsProfile():2607} CameraManager::AlignVideoFpsProfile frontProfile w(640),h(480) fps min(60),min(60)
05-27 10:14:32.563  3088  3229 I C02B01/com.huawei.ARSample/CAMERA: {AlignVideoFpsProfile():2607} CameraManager::AlignVideoFpsProfile frontProfile w(720),h(720) fps min(60),min(60)
05-27 10:14:32.563  3088  3229 I C02B01/com.huawei.ARSample/CAMERA: {AlignVideoFpsProfile():2607} CameraManager::AlignVideoFpsProfile frontProfile w(720),h(720) fps min(60),min(60)
05-27 10:14:32.563  3088  3229 I C02B01/com.huawei.ARSample/CAMERA: {AlignVideoFpsProfile():2607} CameraManager::AlignVideoFpsProfile frontProfile w(960),h(720) fps min(60),min(60)
05-27 10:14:32.563  3088  3229 I C02B01/com.huawei.ARSample/CAMERA: {AlignVideoFpsProfile():2607} CameraManager::AlignVideoFpsProfile frontProfile w(960),h(720) fps min(60),min(60)
05-27 10:14:32.563  3088  3229 I C02B01/com.huawei.ARSample/CAMERA: {AlignVideoFpsProfile():2607} CameraManager::AlignVideoFpsProfile frontProfile w(1080),h(1080) fps min(60),min(60)
05-27 10:14:32.563  3088  3229 I C02B01/com.huawei.ARSample/CAMERA: {AlignVideoFpsProfile():2607} CameraManager::AlignVideoFpsProfile frontProfile w(1080),h(1080) fps min(60),min(60)
05-27 10:14:32.563  3088  3229 I C02B01/com.huawei.ARSample/CAMERA: {AlignVideoFpsProfile():2607} CameraManager::AlignVideoFpsProfile frontProfile w(1088),h(1088) fps min(60),min(60)
05-27 10:14:32.563  3088  3229 I C02B01/com.huawei.ARSample/CAMERA: {AlignVideoFpsProfile():2607} CameraManager::AlignVideoFpsProfile frontProfile w(1088),h(1088) fps min(60),min(60)
05-27 10:14:32.563  3088  3229 I C02B01/com.huawei.ARSample/CAMERA: {AlignVideoFpsProfile():2607} CameraManager::AlignVideoFpsProfile frontProfile w(1280),h(720) fps min(60),min(60)
05-27 10:14:32.563  3088  3229 I C02B01/com.huawei.ARSample/CAMERA: {AlignVideoFpsProfile():2607} CameraManager::AlignVideoFpsProfile frontProfile w(1280),h(720) fps min(60),min(60)
05-27 10:14:32.563  3088  3229 I C02B01/com.huawei.ARSample/CAMERA: {AlignVideoFpsProfile():2607} CameraManager::AlignVideoFpsProfile frontProfile w(1440),h(1080) fps min(60),min(60)
05-27 10:14:32.563  3088  3229 I C02B01/com.huawei.ARSample/CAMERA: {AlignVideoFpsProfile():2607} CameraManager::AlignVideoFpsProfile frontProfile w(1440),h(1080) fps min(60),min(60)
05-27 10:14:32.563  3088  3229 I C02B01/com.huawei.ARSample/CAMERA: {AlignVideoFpsProfile():2607} CameraManager::AlignVideoFpsProfile frontProfile w(1920),h(1080) fps min(60),min(60)
05-27 10:14:32.563  3088  3229 I C02B01/com.huawei.ARSample/CAMERA: {AlignVideoFpsProfile():2607} CameraManager::AlignVideoFpsProfile frontProfile w(1920),h(1080) fps min(60),min(60)
05-27 10:14:32.563  3088  3229 I C02B01/com.huawei.ARSample/CAMERA: {AlignVideoFpsProfile():2607} CameraManager::AlignVideoFpsProfile frontProfile w(1920),h(1440) fps min(60),min(60)
05-27 10:14:32.563  3088  3229 I C02B01/com.huawei.ARSample/CAMERA: {AlignVideoFpsProfile():2607} CameraManager::AlignVideoFpsProfile frontProfile w(1920),h(1440) fps min(60),min(60)
05-27 10:14:32.563  3088  3229 I C02B01/com.huawei.ARSample/CAMERA: {AlignVideoFpsProfile():2607} CameraManager::AlignVideoFpsProfile frontProfile w(2368),h(1080) fps min(60),min(60)
05-27 10:14:32.563  3088  3229 I C02B01/com.huawei.ARSample/CAMERA: {AlignVideoFpsProfile():2607} CameraManager::AlignVideoFpsProfile frontProfile w(2368),h(1080) fps min(60),min(60)
05-27 10:14:32.563  3088  3229 I C02B01/com.huawei.ARSample/CAMERA: {AlignVideoFpsProfile():2607} CameraManager::AlignVideoFpsProfile frontProfile w(2560),h(1440) fps min(60),min(60)
05-27 10:14:32.563  3088  3229 I C02B01/com.huawei.ARSample/CAMERA: {AlignVideoFpsProfile():2607} CameraManager::AlignVideoFpsProfile frontProfile w(2560),h(1440) fps min(60),min(60)
05-27 10:14:32.563  3088  3229 I C02B01/com.huawei.ARSample/CAMERA: {AlignVideoFpsProfile():2607} CameraManager::AlignVideoFpsProfile frontProfile w(2880),h(2160) fps min(60),min(60)
