Generated by HiviewDFX@OpenHarmony
================================================================
Device info:HUAWEI Pura 90 Pro
Build info:MLN-AL00 6.1.0.120(C00E120R3P1log)
DeviceDebuggable:Yes
Fingerprint:b061233950052062c6a01c78d95ad1b57c6aa68b3e3c989d07e8e99edbf14858
Timestamp:2026-05-27 10:14:32.631
Module name:com.huawei.ARSample
ReleaseType:release
CpuAbi:arm64-v8a
Version:1.3.0
VersionCode:1030000
IsSystemApp:No
PreInstalled:No
Foreground:Yes
Pid:3088
Uid:20020221
Process life time:2s
Process Memory(kB): 226119(Rss)
Device Memory(kB): Total 15842632, Free 1137324, Available 6686720
Page switch history:
  10:14:31.878 :enters foreground
Reason:TypeError
Error name:TypeError
Error message:undefined is not callable
Stacktrace:
Cannot get SourceMap info, dump raw stack:
    at anonymous (entry|entry|1.3.0|src/main/ets/pages/ARRingHunt.ts:850:43)
HybridStack:
#00 pc 00000000003546a8 /system/lib64/platformsdk/libark_jsruntime.so(4025597d50430dc8ac5e5f0b44678df8)
#01 pc 00000000003523c4 /system/lib64/platformsdk/libark_jsruntime.so(4025597d50430dc8ac5e5f0b44678df8)
#02 pc 0000000000351f30 /system/lib64/platformsdk/libark_jsruntime.so(4025597d50430dc8ac5e5f0b44678df8)
#03 pc 000000000022c8bc /system/lib64/platformsdk/libark_jsruntime.so(4025597d50430dc8ac5e5f0b44678df8)
#04 pc 00000000002fe3f0 /system/lib64/platformsdk/libark_jsruntime.so(panda::ecmascript::ObjectFactory::GetJSError(panda::ecmascript::base::ErrorType const&, char const*, panda::ecmascript::StackCheck)+212)(4025597d50430dc8ac5e5f0b44678df8)
#05 pc 00000000003fc0ac /system/lib64/platformsdk/libark_jsruntime.so(4025597d50430dc8ac5e5f0b44678df8)
#06 pc 0000000000e1516c /system/lib64/module/arkcompiler/stub.an(RTStub_CallRuntime+44)
#07 pc 000000000046bb84 /system/lib64/module/arkcompiler/stub.an(BCStub_HandleCallthis1Imm8V8V8StwCopy+176)
#08 at anonymous (entry|entry|1.3.0|src/main/ets/pages/ARRingHunt.ts:850:43)
#09 pc 00000000003b87c8 /system/lib64/platformsdk/libark_jsruntime.so(4025597d50430dc8ac5e5f0b44678df8)
#10 pc 00000000003b7a60 /system/lib64/platformsdk/libark_jsruntime.so(panda::FunctionRef::CallForNapi(panda::ecmascript::EcmaVM const*, panda::JSValueRef*, panda::JSValueRef* const*, int)+572)(4025597d50430dc8ac5e5f0b44678df8)
#11 pc 000000000007c714 /system/lib64/platformsdk/libace_napi.z.so(napi_call_function+212)(76bc1ed675edcc5f429a976d6c9b955d)
#12 pc 000000000000b050 /system/lib64/platformsdk/libtimer.z.so(c821783eac8e684477182ee698edbc3d)
#13 pc 0000000000014d5c /system/lib64/platformsdk/libuv.so(dd4ce8a088606e6444f0dceac8540868)
#14 pc 000000000001b728 /system/lib64/platformsdk/libuv.so(uv_run+700)(dd4ce8a088606e6444f0dceac8540868)
#15 pc 00000000000748a0 /system/lib64/platformsdk/libruntime.z.so(OHOS::AbilityRuntime::OHOSLoopHandler::OnTriggered()+108)(e43f04376e50087413b450b2421f1bba)
#16 pc 0000000000074b48 /system/lib64/platformsdk/libruntime.z.so(e43f04376e50087413b450b2421f1bba)
#17 pc 00000000000261d0 /system/lib64/chipset-sdk-sp/libeventhandler.z.so(8ab952cee05d2ecabf3a7380e0e9fe52)
#18 pc 00000000000215b0 /system/lib64/chipset-sdk-sp/libeventhandler.z.so(8ab952cee05d2ecabf3a7380e0e9fe52)
#19 pc 00000000000418d4 /system/lib64/chipset-sdk-sp/libeventhandler.z.so(OHOS::AppExecFwk::EventRunner::Run()+400)(8ab952cee05d2ecabf3a7380e0e9fe52)
#20 pc 00000000000ccad4 /system/lib64/platformsdk/libappkit_native.z.so(OHOS::AppExecFwk::MainThread::Start()+248)(bb5b75d4875238f235f1adedf8997c8a)
#21 pc 000000000000a02c /system/lib64/appspawn/appspawn/libappspawn_ace.z.so(6b15ef5a328fd2b4f5e70cccf3175d65)
#22 pc 000000000000ba40 /system/bin/appspawn(e36b8658efae7251ba127657137b5ebe)
#23 pc 0000000000016ce8 /system/bin/appspawn(e36b8658efae7251ba127657137b5ebe)
#24 pc 0000000000014b10 /system/bin/appspawn(e36b8658efae7251ba127657137b5ebe)
#25 pc 0000000000017784 /system/lib64/chipset-sdk-sp/libbegetutil.z.so(a6f26662bd16a268fc916804b00d889e)
#26 pc 000000000001709c /system/lib64/chipset-sdk-sp/libbegetutil.z.so(a6f26662bd16a268fc916804b00d889e)
#27 pc 000000000001431c /system/lib64/chipset-sdk-sp/libbegetutil.z.so(a6f26662bd16a268fc916804b00d889e)
#28 pc 0000000000013cd0 /system/lib64/chipset-sdk-sp/libbegetutil.z.so(a6f26662bd16a268fc916804b00d889e)
#29 pc 00000000000116e4 /system/bin/appspawn(e36b8658efae7251ba127657137b5ebe)
#30 pc 000000000000f2a8 /system/bin/appspawn(e36b8658efae7251ba127657137b5ebe)
#31 pc 00000000000b41f0 /system/lib/ld-musl-aarch64.so.1(8c2ca4e308a1de9ed1e6b4ccc14c7443)
#32 pc 000000000000b730 /system/bin/appspawn(e36b8658efae7251ba127657137b5ebe)

HiLog:
05-27 10:14:31.803  3088  3088 I C02C11/appspawn/APPSPAWN: AppSpawnChild id 9279 flags:0xc
05-27 10:14:31.803  3088  3088 I C02C02/PARAM: ResetParamSecurityLabel Fd:20
05-27 10:14:31.804  3088  3088 W C03F07/MUSL: [gwp_asan]: sample_rate:2500, slot:1000, min_sample_size:0, white_list_path:, recoverable:1
05-27 10:14:31.804  3088  3088 W C03F07/MUSL: [gwp_asan]: 3088 com.huawei.ARSample gwp_asan initializing.
05-27 10:14:31.804  3088  3088 I C03F07/MUSL: [gwp_asan]: SlotLength 1000, SampleRate 2500
05-27 10:14:31.804  3088  3088 W C03F07/MUSL: [gwp_asan]: 3088 com.huawei.ARSample gwp_asan initialized.
05-27 10:14:31.805  3088  3088 I C02D33/com.huawei.ARSample/HitraceOption: FilterAppTrace com.huawei.ARSample 3088
05-27 10:14:31.812  3088  3088 W C02C11/com.huawei.ARSample/APPSPAWN: errno:13 private mount to /mnt/sandbox/100/com.huawei.ARSample/chip_prod/lib64/passthrough '524288' failed
05-27 10:14:31.813  3088  3088 W C02C11/com.huawei.ARSample/APPSPAWN: check dir /data/app/el1/public/aot_compiler/ark_cache/com.huawei.ARSample failed,strerror:No such file or directory
05-27 10:14:31.814  3088  3088 W C02C11/com.huawei.ARSample/APPSPAWN: errno:2 bind mount /data/preload/app to /mnt/sandbox/100/com.huawei.ARSample/data/preload/app
05-27 10:14:31.818  3088  3088 E C05A06/com.huawei.ARSample/CODE_SIGN: [XpmIoctl]:Ioctl cmd 40087803 failed: Invalid argument (ignore)
05-27 10:14:31.819  3088  3088 I C05A03/com.huawei.ARSample/Selinux: Hap type for com.huawei.ARSample is changing from u:r:appspawn:s0 to o:r:normal_hap:s0:x253,x334,x512,x868,x1024
05-27 10:14:31.819  3088  3088 I C05A03/com.huawei.ARSample/Selinux: Hap setcon finish for com.huawei.ARSample
05-27 10:14:31.821  3088  3088 I C05A05/com.huawei.ARSample/SecCompEnhanceClient: [RegisterCheckCallback]Register secComp: sessionId=3832755109, seqNum=******033.
05-27 10:14:31.821  3088  3115 W C057C1/com.huawei.ARSample/IPCWorkThread: ThreadHandler: proto:0 policy:1 name:OS_IPC_0_3115 invoker:2571162240
05-27 10:14:31.821  3088  3116 W C057C1/com.huawei.ARSample/IPCWorkThread: ThreadHandler: proto:0 policy:0 name:OS_IPC_1_3116 invoker:2465684736
05-27 10:14:31.821  3088  3088 I C02D0B/com.huawei.ARSample/HICHECKER: hichecker param is empty.
05-27 10:14:31.822  3088  3088 I C04500/com.huawei.ARSample/webview: SelectWebcoreBeforeProcessRun: SelectWebcoreBeforeProcessRun for app com.huawei.ARSample.
05-27 10:14:31.822  3088  3088 I C01317/com.huawei.ARSample/AppKit: [MTHRD3189]mainthread start, pid:3088
05-27 10:14:31.825  3088  3088 I C01719/com.huawei.ARSample/ffrt: 1:QueueMonitor:44 timeout:30000000 us
05-27 10:14:31.826  3088  3088 I C01317/com.huawei.ARSample/AppKit: [MTHRD431]attach
05-27 10:14:31.829  3088  3088 W C01719/com.huawei.ARSample/ffrt_acc: 1:GetQosByUidImpl:430 use user-app qos level setting
05-27 10:14:31.829  3088  3118 W C057C1/com.huawei.ARSample/IPCWorkThread: ThreadHandler: proto:0 policy:0 name:OS_IPC_2_3118 invoker:2474343552
05-27 10:14:31.830  3088  3116 I C01317/com.huawei.ARSample/AppKit: [MTHRD825]ScheduleLaunchAbility called, ability EntryAbility, type is 1.
05-27 10:14:31.830  3088  3117 I C02D06/com.huawei.ARSample/XCollie: init default task finished.
05-27 10:14:31.830  3088  3122 W C01719/com.huawei.ARSample/ffrt: 2:operator():110 [-1554847456] set priority warn ret[1] eno[0]
05-27 10:14:31.831  3088  3088 I C03900/com.huawei.ARSample/ACE_UIContent: [69]AceForwardCompatibility [com.huawei.ARSample] force:1 newpipe:1
05-27 10:14:31.833  3088  3088 I C01317/com.huawei.ARSample/AppKit: [MTHRD1812]SmartGC: process is start. enable warm startup SmartGC: 0
05-27 10:14:31.834  3088  3088 I C03F00/com.huawei.ARSample/ArkCompiler: [ecmascript] asmint: 1, aot: 0, jit: 1, baseline jit: 0, bundle name: com.huawei.ARSample, arkTSMode: dynamic
05-27 10:14:31.834  3088  3088 I C03F00/com.huawei.ARSample/ArkCompiler: [ecmascript] multi-thread check enabled: 0
05-27 10:14:31.835  3088  3088 I C03F00/com.huawei.ARSample/ArkCompiler: [pgo] reset pgo profiler, pgo profiler is disabled
05-27 10:14:31.835  3088  3088 I C03301/com.huawei.ARSample/LIBUV: clean up handles in loop(1056)
05-27 10:14:31.835  3088  3088 I C03301/com.huawei.ARSample/LIBUV: loop:(1056) closed in 0s
05-27 10:14:31.835  3088  3088 I C03301/com.huawei.ARSample/LIBUV: close:1056, async_io_wfd:17
05-27 10:14:31.835  3088  3088 I C03301/com.huawei.ARSample/LIBUV: close:1056, backend_fd:11
05-27 10:14:31.835  3088  3088 I C03301/com.huawei.ARSample/LIBUV: init:4592
05-27 10:14:31.835  3088  3088 I C03301/com.huawei.ARSample/LIBUV: init:4592, backend_fd:11
05-27 10:14:31.835  3088  3088 I C03301/com.huawei.ARSample/LIBUV: open:4592, pipefd[0]:17
05-27 10:14:31.835  3088  3088 I C03F00/com.huawei.ARSample/ArkCompiler: [ecmascript] can not find aot file
05-27 10:14:31.836  3088  3088 W C01305/com.huawei.ARSample/Base: [zip_file.cpp(ExtractToBufByName:966)]GetEntry from pkgContextInfo.json err
05-27 10:14:31.840  3088  3088 W C01321/com.huawei.ARSample/JsRuntime: [CSM161]not Connected
05-27 10:14:31.840  3088  3088 I C03F00/com.huawei.ARSample/ArkCompiler: [ecmascript] JSNApi::NotifyDebugMode, tid = 3088, debugApp = 0, isDebugMode = 0, instanceId = 0
05-27 10:14:31.840  3088  3124 I C01317/com.huawei.ARSample/AppKit: [DRH393]File existed. dir: /data/storage/el2/base/cache/rawheap
05-27 10:14:31.840  3088  3124 I C01317/com.huawei.ARSample/AppKit: [DRH373]success to create /data/storage/el2/base/cache/rawheap
05-27 10:14:31.841  3088  3088 W C01E00/com.huawei.ARSample/ResourceManager: update userId, currentUserId_= 0, userId= 100
05-27 10:14:31.842  3088  3134 I C02C03/PARAM_WATCHER: Add watcher keyPrefix persist.hdc.jdwp remoteWatcherId 10592 success
05-27 10:14:31.842  3088  3134 I C02D13/com.huawei.ARSample/HDC_LOG: AddWatchHdcdJdwp rc:0
05-27 10:14:31.842  3088  3134 I C02D13/com.huawei.ARSample/HDC_LOG: connect success cfd:28
05-27 10:14:31.842  3088  3134 I C02D13/com.huawei.ARSample/HDC_LOG: Send2Jdwp send pid:3088, pp:com.huawei.ARSample, isDebug:0, msglen:31
05-27 10:14:31.842  3088  3123 W C01653/com.huawei.ARSample/NativePreferences: LoadFromDisk: The settingXml /***/el1/***/i18*** load failed.
05-27 10:14:31.843  3088  3088 E C01301/com.huawei.ARSample/CompatiblePolicyDeviceType: [calculateResourceType:81]deviceType is empty.
05-27 10:14:31.844  3088  3088 W C01301/com.huawei.ARSample/Ability: [resource_config_helper.cpp183]invalid source:
05-27 10:14:31.844  3088  3088 W C01301/com.huawei.ARSample/Ability: [resource_config_helper.cpp183]invalid source:
05-27 10:14:31.844  3088  3088 I C01317/com.huawei.ARSample/AppKit: [application_cleaner.cpp94]ClearTempData
05-27 10:14:31.848  3088  3088 I C01317/com.huawei.ARSample/AppKit: [JAS193]LoadModule
05-27 10:14:31.848  3088  3088 W C01317/com.huawei.ARSample/AppKit: [JAS906]null stage
05-27 10:14:31.848  3088  3088 W C01317/com.huawei.ARSample/AppKit: [JAS236]Not found AbilityStage.js
05-27 10:14:31.849  3088  3088 I C03F00/com.huawei.ARSample/ArkCompiler: [ecmascript] start to execute module buffer with secure memory: /data/storage/el1/bundle/entry/ets/entryability/EntryAbility.abc
05-27 10:14:31.849  3088  3127 I C03F00/com.huawei.ARSample/ArkCompiler: [pgo] will save profiler to file /data/storage/ark-profile/rt_entry.ap
05-27 10:14:31.851  3088  3088 E C01700/com.huawei.ARSample/RSS: ResSchedClient::ReportData type not subscribed.
05-27 10:14:31.851  3088  3088 I C01320/com.huawei.ARSample/JsEnv: [JSENV299]timing: 2
05-27 10:14:31.852  3088  3088 I C01320/com.huawei.ARSample/JSENV: Callee constructor is OK string
05-27 10:14:31.852  3088  3088 I C01320/com.huawei.ARSample/JSENV: Ability::constructor callee is object [object Object]
05-27 10:14:31.852  3088  3088 I C01332/com.huawei.ARSample/UIAbility: [ui_ability_thread.cpp173]Lifecycle:Attach
05-27 10:14:31.853  3088  3088 I C01317/com.huawei.ARSample/AppKit: [MTHRD2833]called
05-27 10:14:31.853  3088  3088 I C03F00/com.huawei.ARSample/ArkCompiler: [gc] app is not inBackground
05-27 10:14:31.854  3088  3116 I C01332/com.huawei.ARSample/UIAbility: [ui_ability_thread.cpp321]name:EntryAbility,targeState:5,isNewWant:0
05-27 10:14:31.855  3088  3088 I C01332/com.huawei.ARSample/UIAbility: [ui_ability_thread.cpp240]Lifecycle:name EntryAbility
05-27 10:14:31.855  3088  3088 I C04201/com.huawei.ARSample/DMS: AddDisplayIdFromAms: abilityToken and display[0] has been added.
05-27 10:14:31.855  3088  3088 W C04201/com.huawei.ARSample/DMS: RegisterClientDeathListener: regis reverse death
05-27 10:14:31.855  3088  3088 I C04201/com.huawei.ARSample/DMS: RegisterClientDeathListener: ENTER
05-27 10:14:31.857  3088  3088 I C01332/com.huawei.ARSample/UIAbility: [JUA2036]JsUIAbility call js, name: onCreate
05-27 10:14:31.857  3088  3088 I A0FF00/com.huawei.ARSample/[ARSample][Js]: Ability onCreate.
05-27 10:14:31.857  3088  3088 I C01332/com.huawei.ARSample/UIAbility: [JUA2081]end, name: onCreate, time: 0
05-27 10:14:31.857  3088  3088 E C01332/com.huawei.ARSample/UIAbility: [ui_ability_impl.cpp314]hasSaveData_: false
05-27 10:14:31.857  3088  3088 W C01332/com.huawei.ARSample/UIAbility: [JUA1223]formatRegex: []
05-27 10:14:31.857  3088  3088 I C04202/com.huawei.ARSample/WMSMain: Init: WindowScene with window session!
05-27 10:14:31.857  3088  3088 I C04202/com.huawei.ARSample/WMSMain: Init: set isModuleAbilityHookEnd
05-27 10:14:31.857  3088  3088 I C04204/com.huawei.ARSample/WMSScb: RS multi-instance enabled: 1
05-27 10:14:31.857  3088  3088 I C01406/com.huawei.ARSample/OHOS::RS: multi-instance, create RSUIContextManager, isMultiInstanceOpen_ 1
05-27 10:14:31.858  3088  3088 I C02C03/PARAM_WATCHER: Add watcher keyPrefix persist.sys.graphic.animationscale remoteWatcherId 10592 success
05-27 10:14:31.859  3088  3088 I C04204/com.huawei.ARSample/WMSScb: InitRSUIDirector: Create RSUIDirector: RSUIDirector's RSUIContext [token: 13262859010049, tid: 3088], rsUIContext: RSUIContext is null
05-27 10:14:31.860  3088  3088 W C01409/com.huawei.ARSample/APS_MANAGER: redo Connect
05-27 10:14:31.860  3088  3088 I C01409/com.huawei.ARSample/APS_MANAGER: Start to ConnectService
05-27 10:14:31.860  3088  3088 I C01409/com.huawei.ARSample/APS_MANAGER: GetSystemAbilityManager success
05-27 10:14:31.860  3088  3088 I C01409/com.huawei.ARSample/APS_MANAGER: GetSystemAbility success
05-27 10:14:31.860  3088  3088 I C01406/com.huawei.ARSample/OHOS::RS: RSLogManager init log flag: 0x0(0)
05-27 10:14:31.860  3088  3088 I C01406/com.huawei.ARSample/OHOS::RS: RSFrameRateLinker::Create id: 13262859010048
05-27 10:14:31.860  3088  3088 I C04202/com.huawei.ARSample/WMSMain: VsyncStation: id 13262859010050 created
05-27 10:14:31.860  3088  3088 I C04200/com.huawei.ARSample/WindowSceneSessionImpl: WindowSceneSessionImpl: [WMSCom] Constructor ARSample0
05-27 10:14:31.860  3088  3088 E C04200/com.huawei.ARSample/WMS: SetWindowType: permission denied!
05-27 10:14:31.860  3088  3088 I C0420A/com.huawei.ARSample/WMSLife: Create: Window Create name:ARSample0, state:0, mode:0
05-27 10:14:31.861  3088  3088 I C0420A/com.huawei.ARSample/WMSLife: Create: SetIsAbilityHookOff 0
05-27 10:14:31.861  3088  3088 W C0420A/com.huawei.ARSample/WMSLife: IsWindowSessionInvalid: already destroyed or not created! id: 0 state_: 0
05-27 10:14:31.861  3088  3088 W C04200/com.huawei.ARSample/WindowSceneSessionImpl: AdjustWindowAnimationFlag: session invalid!
05-27 10:14:31.861  3088  3088 I C04200/com.huawei.ARSample/WindowSceneSessionImpl: Remove window flag WINDOW_FLAG_SHOW_WHEN_LOCKED
05-27 10:14:31.862  3088  3088 I C0420A/com.huawei.ARSample/WMSLife: Connect: in
05-27 10:14:31.862  3088  3116 I C04208/com.huawei.ARSample/WMSLayout: NotifyAppHookWindowInfoUpdated: in
05-27 10:14:31.863  3088  3088 I C04208/com.huawei.ARSample/WMSLayout: Connect: updateRect when connect.preRect:[0,0,0,0]rect:[0,0,1256,2760]
05-27 10:14:31.863  3088  3116 I C0421C/com.huawei.ARSample/WMSCompat: SetAppHookWindowInfo: Id:302, preHookWindowInfo:[enableHookWindow: false, widthHookRatio: 1.000000, notifyWindowChange: false], newHookWindowInfo:[enableHookWindow: false, widthHookRatio: 1.000000, notifyWindowChange: false]
05-27 10:14:31.863  3088  3116 I C04208/com.huawei.ARSample/WMSLayout: UpdateRect: id:302 name:ARSample0 rect:[0 0 1256 2760]->[0 0 1256 2760] reason:23 displayId:0
05-27 10:14:31.863  3088  3116 I C04208/com.huawei.ARSample/WMSLayout: NotifyFirstValidLayoutUpdate: Id:302, rect:[0 0 1256 2760]
05-27 10:14:31.863  3088  3088 I C0420A/com.huawei.ARSample/WMSLife: Connect: Window Connect [name:ARSample0, id:302, type:1], ret:0, oriDisplayId:0, curDisplayId:0
05-27 10:14:31.863  3088  3088 I C0421C/com.huawei.ARSample/WMSCompat: SendCombinedCompatibleConfigToArkUI: bundleName: com.huawei.ARSample, combinedCompatibleConfig size: 2
05-27 10:14:31.863  3088  3088 I C0421C/com.huawei.ARSample/WMSCompat: SendCombinedCompatibleConfigToArkUI: bundleName:com.huawei.ARSample, logicalDeviceConfig size:2, arkUIAndWebConfig size:60
05-27 10:14:31.864  3088  3088 I C03900/com.huawei.ARSample/ACE_UIContent: [201]get angle info: {}
05-27 10:14:31.864  3088  3088 I C0421C/com.huawei.ARSample/WMSCompat: SendCombinedCompatibleConfigToArkUI: Send null logical device config to arkui
05-27 10:14:31.864  3088  3088 I C0421C/com.huawei.ARSample/WMSCompat: SendCombinedCompatibleConfigToArkUI: Send combined compatible config to arkui successfully!
05-27 10:14:31.864  3088  3088 I C04208/com.huawei.ARSample/WMSLayout: SetWindowMode: windowId: 302, windowModeSupportType: 63, mode: 1
05-27 10:14:31.864  3088  3116 W C04208/com.huawei.ARSample/WMSLayout: NotifySingleHandTransformChange: id:302, uiContent is nullptr
05-27 10:14:31.864  3088  3088 I C04208/com.huawei.ARSample/WMSLayout: NotifyWindowStatusChange: id:302, windowMode:1, windowStatus:1, lastWindowStatus:0, skipRedundantWindowStatusNotifications:0
05-27 10:14:31.864  3088  3088 I C04208/com.huawei.ARSample/WMSLayout: SetConfigWindowLimitsVP: id:302, windowLimits:[0 0 0 0 0.000000 0.000000 1.000000 1]
05-27 10:14:31.864  3088  3088 I C04208/com.huawei.ARSample/WMSLayout: GetSystemSizeLimits: px[6720,6720,1120,840], vp[1920,1920,320,240], configMax:1920, vpr:3.500000, winType:1
05-27 10:14:31.865  3088  3088 I C0421A/com.huawei.ARSample/WMSLayoutPc: GetSupportedWindowModesConfiguration: winId: 302, windowModeSupportType: 15
05-27 10:14:31.865  3088  3088 I C04202/com.huawei.ARSample/WMSMain: SetSupportedWindowModesForAncoInFreeWindow: is not anco app, need not update support window mode.
05-27 10:14:31.865  3088  3088 I C04208/com.huawei.ARSample/WMSLayout: GetConfigurationFromAbilityInfo: windowId: 302, windowModeSupportType: 15, isAncoSupportFreeWindow: 0
05-27 10:14:31.865  3088  3088 I C0420F/com.huawei.ARSample/WMSRecover: RegisterSessionRecoverCallbackFunc: persistentId=302
05-27 10:14:31.865  3088  3088 I C04209/com.huawei.ARSample/WMSImms: UpdateStatusBarColorByColorMode: win 302 type 1 hasDarkRes 0 colorMode light
05-27 10:14:31.866  3088  3088 I C04200/com.huawei.ARSample/WMS: IsMainHandlerAvailable: id:302, isAvailable:1
05-27 10:14:31.866  3088  3088 I C04200/com.huawei.ARSample/WMS: IsMainHandlerAvailable: id:302, isAvailable:1
05-27 10:14:31.866  3088  3088 I C02800/com.huawei.ARSample/InputManagerImpl: [][SetWindowInputEventConsumer:366] enter
05-27 10:14:31.867  3088  3088 I C02800/com.huawei.ARSample/MMIClient: [|267]Connection to server succeeded, fd:38
05-27 10:14:31.867  3088  3088 I C02800/com.huawei.ARSample/MMIClient: [|166]Server was listening
05-27 10:14:31.867  3088  3088 I C02800/com.huawei.ARSample/MMIClient: [|127]reuse current event handler, thread name:
05-27 10:14:31.867  3088  3088 I C02800/com.huawei.ARSample/MMIClient: [|130]File fd is in listening
05-27 10:14:31.867  3088  3088 I C02800/com.huawei.ARSample/InputManagerImpl: [][SetWindowInputEventConsumer] leave
05-27 10:14:31.867  3088  3088 I C0420C/com.huawei.ARSample/WMSEvent: AddInputWindow: SetWindowInputEventConsumer success, wid:302
05-27 10:14:31.867  3088  3088 I C0420C/com.huawei.ARSample/WMSEvent: LoadGameController: in
05-27 10:14:31.870  3088  3088 I C04732/com.huawei.ARSample/GameController: [(RegisterEntryModule:24)]begin load gamecontroller_event
05-27 10:14:31.870  3088  3088 I C04732/com.huawei.ARSample/GameController: [(StartInputToTouch:61)]Begin StartInputToTouch
05-27 10:14:31.870  3088  3088 I C0420C/com.huawei.ARSample/WMSEvent: LoadGameController: dlopen GameController success
05-27 10:14:31.870  3088  3088 I C0420C/com.huawei.ARSample/WMSEvent: SubscribeEvent: Subscribe touch.events.touchpredict Event
05-27 10:14:31.870  3088  3139 I C04732/com.huawei.ARSample/GameController: [(GetSelfBundleName:49)]The current bundleName [com.huawei.ARSample]. version [1.3.0]
05-27 10:14:31.870  3088  3139 I C04732/com.huawei.ARSample/GameController: [(IsCommonApp:94)]The [com.huawei.ARSample] is a common app.
05-27 10:14:31.870  3088  3139 W C04732/com.huawei.ARSample/GameController: [(ReadJsonFromFile:224)]realpath failed for [/data/service/el1/public/for-all-app/gamecontroller_server/game_support_key_mapping.json]
05-27 10:14:31.870  3088  3139 I C04732/com.huawei.ARSample/GameController: [(SetSupportKeyMapping:73)]SetSupportKeyMapping. isSupportKeyMapping_ is [0]
05-27 10:14:31.870  3088  3139 I C04732/com.huawei.ARSample/GameController: [(DoAsyncTask:76)]The app does not support input-to-touch feature.
05-27 10:14:31.871  3088  3088 I C04217/com.huawei.ARSample/WMSAttribute: ConnectServer: start connect
05-27 10:14:31.871  3088  3088 W C03F07/MUSL-LDSO: Error loading header libark_connect_inspector.z.so: failed to map header
05-27 10:14:31.871  3088  3088 W C03F07/MUSL-LDSO: dlopen_impl load library header failed for libark_connect_inspector.z.so
05-27 10:14:31.872  3088  3088 W C04217/com.huawei.ARSample/WMSAttribute: ConnectServer: noload fail: libark_connect_inspector.z.so
05-27 10:14:31.872  3088  3088 I C04217/com.huawei.ARSample/WMSAttribute: ConnectServer: end connect
05-27 10:14:31.872  3088  3088 W C04217/com.huawei.ARSample/WMSAttribute: RegisterGetWMSWindowListCallback: callback has registered
05-27 10:14:31.872  3088  3088 I C04217/com.huawei.ARSample/WMSAttribute: RegisterGetWMSWindowListCallback: winId: 302
05-27 10:14:31.872  3088  3088 I C04217/com.huawei.ARSample/WMSAttribute: UpdateColorMode: winId: 302, colorMode: light
05-27 10:14:31.872  3088  3088 I C04218/com.huawei.ARSample/WMSPc: UpdateSidebarBlurStyleWhenColorModeChange: in, persistentId=302
05-27 10:14:31.872  3088  3088 W C04218/com.huawei.ARSample/WMSPc: UpdateSidebarBlurStyleWhenColorModeChange: RSAnimatableProperty is null
05-27 10:14:31.872  3088  3088 I C04217/com.huawei.ARSample/WMSAttribute: UpdateColorMode: winId: 302, colorMode: light, hasDarkRes: 0
05-27 10:14:31.872  3088  3088 I C0421C/com.huawei.ARSample/WMSCompat: SetPcAppInpadSpecificSystemBarInvisible: isPcAppInpadSpecificSystemBarInvisible: 0
05-27 10:14:31.872  3088  3088 I C0421C/com.huawei.ARSample/WMSCompat: SetPcAppInpadOrientationLandscape: isPcAppInpadOrientationLandscape: 0
05-27 10:14:31.872  3088  3088 I C0420A/com.huawei.ARSample/WMSLife: Create: Window Create success [name:ARSample0, id:302], state:1, mode:1, enableDefaultDensity:0, displayId:0
05-27 10:14:31.872  3088  3088 E C04200/com.huawei.ARSample/WMS: singleton_container.cpp GetSingleton: cant get OHOS::Rosen::WindowInfoReporter
05-27 10:14:31.872  3088  3088 I C01332/com.huawei.ARSample/UIAbility: [JUA2036]JsUIAbility call js, name: onWindowStageCreate
05-27 10:14:31.872  3088  3088 I A0FF00/com.huawei.ARSample/[ARSample][Js]: Ability onWindowStageCreate.
05-27 10:14:31.872  3088  3088 I C04200/com.huawei.ARSample/JsWindowStage: LoadContent: [NAPI]
05-27 10:14:31.873  3088  3088 I C04200/com.huawei.ARSample/JsWindow: CreateJsWindow ARSample0
05-27 10:14:31.873  3088  3088 I C0420A/com.huawei.ARSample/WMSLife: JsWindow: window: ARSample0, ctorCnt: 1
05-27 10:14:31.874  3088  3088 I C0420A/com.huawei.ARSample/WMSLife: CreateJsWindowObject: Add window ARSample0
05-27 10:14:31.874  3088  3088 I C01332/com.huawei.ARSample/UIAbility: [JUA2081]end, name: onWindowStageCreate, time: 1
05-27 10:14:31.874  3088  3088 I C0420A/com.huawei.ARSample/WMSLife: NotifyWindowStageCreateFinished: id: 302
05-27 10:14:31.874  3088  3088 I C01332/com.huawei.ARSample/UIAbility: [JUA2036]JsUIAbility call js, name: onWillForeground
05-27 10:14:31.874  3088  3088 I C01332/com.huawei.ARSample/UIAbility: [JUA2081]end, name: onWillForeground, time: 0
05-27 10:14:31.874  3088  3088 I C04202/com.huawei.ARSample/WMSMain: GoForeground: reason: 4
05-27 10:14:31.874  3088  3088 I C0420A/com.huawei.ARSample/WMSLife: Show: Window show [name: ARSample0, id: 302, type: 1], reason: 4, state:1, requestState:1
05-27 10:14:31.874  3088  3088 I C04208/com.huawei.ARSample/WMSLayout: GetSystemSizeLimits: px[6720,6720,1120,840], vp[1920,1920,320,240], configMax:1920, vpr:3.500000, winType:1
05-27 10:14:31.874  3088  3088 I C04208/com.huawei.ARSample/WMSLayout: UpdateNewSize: fullscreen or compatible mode could not update new size, Id: 302
05-27 10:14:31.874  3088  3088 I C04217/com.huawei.ARSample/WMSAttribute: IsSystemDensityChanged: windowId: 302, lastDensity: -1.000000, currDensity: 3.500000
05-27 10:14:31.875  3088  3088 W C04200/com.huawei.ARSample/WindowSessionImpl: UpdateViewportConfig: uiContent is null!
05-27 10:14:31.875  3088  3088 I C01332/com.huawei.ARSample/UIAbility: [ui_ability_impl.cpp439]wnd call, AfterForeground
05-27 10:14:31.875  3088  3088 W C0420A/com.huawei.ARSample/WMSLife: GetAttachStateSyncResult: lifecycleCallback is null
05-27 10:14:31.875  3088  3088 I C01406/com.huawei.ARSample/OHOS::RS: RSFrameRateLinker::Create id: 13262859010049
05-27 10:14:31.876  3088  3088 I C01706/com.huawei.ARSample/RsFrameReportExt: RsFrameReportExt:[LoadLibrary] load library success!
05-27 10:14:31.876  3088  3088 I C01706/com.huawei.ARSample/RsFrameReportExt: RsFrameReportExt:[Init] dlopen libframe_ui_intf.so success!
05-27 10:14:31.877  3088  3118 I C04207/com.huawei.ARSample/WMSFocus: UpdateFocusState: focus: 1, id: 302
05-27 10:14:31.877  3088  3088 I C01706/com.huawei.ARSample/ueaClient-FrameUiIntf: [Init]:ret:1, inited:1
05-27 10:14:31.877  3088  3088 I C04217/com.huawei.ARSample/WMSAttribute: InitWaterfallMode: winId: 302
05-27 10:14:31.877  3088  3088 I C04217/com.huawei.ARSample/WMSAttribute: NotifyWaterfallModeChange: winId: 302, waterfall: 0, stat: 2
05-27 10:14:31.877  3088  3088 I C0420A/com.huawei.ARSample/WMSLife: NotifyAfterDidForeground: reason: 4
05-27 10:14:31.877  3088  3088 I C04202/com.huawei.ARSample/WMSMain: NotifyFreeMultiWindowModeResume: IsPcMode 0, isColdStart 1
05-27 10:14:31.877  3088  3088 I C0420A/com.huawei.ARSample/WMSLife: Show: Window show success [name:ARSample0, id:302, type:1]
05-27 10:14:31.877  3088  3088 I C04208/com.huawei.ARSample/WMSLayout: NotifyWindowStatusChange: id:302, windowMode:1, windowStatus:1, lastWindowStatus:1, skipRedundantWindowStatusNotifications:0
05-27 10:14:31.877  3088  3088 W C04201/com.huawei.ARSample/DMS: OnDisplayInfoChange: data is not changed.
05-27 10:14:31.878  3088  3088 I C01332/com.huawei.ARSample/UIAbility: [JUA2036]JsUIAbility call js, name: onForeground
05-27 10:14:31.878  3088  3088 I A0FF00/com.huawei.ARSample/[ARSample][Js]: Ability onForeground.
05-27 10:14:31.878  3088  3088 I C01332/com.huawei.ARSample/UIAbility: [JUA2081]end, name: onForeground, time: 0
05-27 10:14:31.878  3088  3088 I C01301/com.huawei.ARSample/Ability: [page_config_manager.cpp49]configJson is empty
05-27 10:14:31.878  3088  3131 I C04217/com.huawei.ARSample/WMSAttribute: OnSetWindowKeepScreenOn end. Wid: 302, isKeepScreenOn: 1
05-27 10:14:31.878  3088  3118 I C04207/com.huawei.ARSample/WMSFocus: NotifyHighlightChange: windowId: 302, isHighlight: 1,
05-27 10:14:31.878  3088  3088 I C0420A/com.huawei.ARSample/WMSLife: NotifyAfterDidForeground execute
05-27 10:14:31.878  3088  3088 I C01332/com.huawei.ARSample/UIAbility: [JUA2036]JsUIAbility call js, name: onDidForeground
05-27 10:14:31.878  3088  3088 I C01332/com.huawei.ARSample/UIAbility: [JUA2081]end, name: onDidForeground, time: 0
05-27 10:14:31.878  3088  3088 I C04202/com.huawei.ARSample/WMSMain: GoResume: in
05-27 10:14:31.878  3088  3088 I C0420A/com.huawei.ARSample/WMSLife: Resume: in, isColdStart: 1, isDidForeground: 0
05-27 10:14:31.878  3088  3088 I C0420A/com.huawei.ARSample/WMSLife: NotifyAfterLifecycleResumed: in
05-27 10:14:31.878  3088  3088 I C0420A/com.huawei.ARSample/WMSLife: SetUIContentInner: pages/Selector, state:2, persistentId: 302
05-27 10:14:31.878  3088  3088 I C0420A/com.huawei.ARSample/WMSLife: SetUIContentComplete: persistentId=302
05-27 10:14:31.879  3088  3118 E C0420A/com.huawei.ARSample/WMSLife: NotifyUIExtHostRectChangeInGlobalDisplayListeners: uiContent is null
05-27 10:14:31.879  3088  3118 W C04208/com.huawei.ARSample/WMSLayout: NotifySingleHandTransformChange: id:302, uiContent is nullptr
05-27 10:14:31.879  3088  3088 I C03900/com.huawei.ARSample/Ace: [(-1:-1:undefined)] CreateUIContent.
05-27 10:14:31.879  3088  3088 I C03934/com.huawei.ARSample/AceUIEvent: [(-1:-1:undefined)] report ace loaded
05-27 10:14:31.879  3088  3141 W C057C1/com.huawei.ARSample/IPCWorkThread: ThreadHandler: proto:0 policy:0 name:OS_IPC_3_3141 invoker:2571870592
05-27 10:14:31.879  3088  3088 I C04707/com.huawei.ARSample/HaAceEngine: OnAceLoaded end
05-27 10:14:31.879  3088  3088 W C0391F/com.huawei.ARSample/AceImage: [(-2:-1:undefined)] mkdir cache file path failed.
05-27 10:14:31.880  3088  3117 I C02D06/com.huawei.ARSample/XCollie: Start init Async Stack.
05-27 10:14:31.880  3088  3088 I C03900/com.huawei.ARSample/Ace: [(-2:-1:undefined)] Init RenderService UniRender Type:0
05-27 10:14:31.880  3088  3088 I C03900/com.huawei.ARSample/Ace: [(-2:-1:undefined)] [com.huawei.ARSample][entry][-1]: UIContent: apiCompatibleVersion: 60000020, apiTargetVersion: 60000020, and apiReleaseType: Release, useNewPipe: 1, enableCustomComponentCrossAbility: 0
05-27 10:14:31.880  3088  3088 I C02C03/PARAM_WATCHER: Add watcher keyPrefix persist.sys.arkui.animationscale remoteWatcherId 10592 success
05-27 10:14:31.881  3088  3088 E C03900/com.huawei.ARSample/Ace: [(-2:-1:undefined)] ConfigParserBase read system UI correction config file failed
05-27 10:14:31.881  3088  3088 W C03900/com.huawei.ARSample/Ace: [(-2:-1:undefined)] ArkUiFeatureParamManager failed to load UI correction config file
05-27 10:14:31.884  3088  3088 I C03900/com.huawei.ARSample/Ace: [(-2:-1:undefined)] SetLocale language tag: zh-CN, select language: zh-CN
05-27 10:14:31.884  3088  3088 I C03900/com.huawei.ARSample/Ace: [(-2:-1:undefined)] [com.huawei.ARSample][entry][-1]: SetLanguage: zh, colorMode: light, deviceAccess: 0
05-27 10:14:31.884  3088  3088 I C03900/com.huawei.ARSample/Ace: [(-2:-1:undefined)] [com.huawei.ARSample][entry][-1]: Initialize UIContent isModelJson:true
05-27 10:14:31.885  3088  3133 I C03900/com.huawei.ARSample/Ace: [(-1:-1:undefined)] dlsym function ReportData success.
05-27 10:14:31.885  3088  3133 I C03900/com.huawei.ARSample/Ace: [(-1:-1:undefined)] dlsym function ReportSyncEvent success.
05-27 10:14:31.886  3088  3088 I C03922/com.huawei.ARSample/AceNavigation: [(-2:-1:undefined)] subscribe hsp Update successfully
05-27 10:14:31.886  3088  3088 I C03900/com.huawei.ARSample/Ace: [(100000:100000:scope)] SetHapPath, Use hap path to load resource
05-27 10:14:31.887  3088  3088 I C04217/com.huawei.ARSample/WMSAttribute: RegisterWaterfallModeChangeListener: winId: 302
05-27 10:14:31.887  3088  3088 I C04200/com.huawei.ARSample/WMS: GetSurfaceNode: name:ARSample0, id:302
05-27 10:14:31.887  3088  3088 I C04200/com.huawei.ARSample/WMS: GetSurfaceNode: name:ARSample0, id:302
05-27 10:14:31.887  3088  3088 I C03900/com.huawei.ARSample/Ace: [(100000:100000:scope)] SetRSSurfaceNode 13262859010050 with rs multi
05-27 10:14:31.887  3088  3088 I C01406/com.huawei.ARSample/OHOS::RS: RSUIContext::AttachFromUI. token: 13262859010049 uiPiplineNum: -1
05-27 10:14:31.888  3088  3088 I C03925/com.huawei.ARSample/AceRouter: [(100000:100000:scope)] createManager, deviceType: 0
05-27 10:14:31.888  3088  3088 W C03900/com.huawei.ARSample/Ace: [(100000:100000:scope)] Invalid config:zh_CN-long-notround-vertical-light-phone-xxxhdpi
05-27 10:14:31.888  3088  3088 I C01406/com.huawei.ARSample/OHOS::RS: RSSurfaceNode::SetAbilityState, surfaceNodeId:[13262859010050], ability state: background
05-27 10:14:31.888  3088  3088 I C03900/com.huawei.ARSample/Ace: [(100000:100000:scope)] set translateManager to pipeline, instanceId:100000
05-27 10:14:31.888  3088  3088 I C0421D/com.huawei.ARSample/WMSRotation: RegisterOrientationChangeListener: in
05-27 10:14:31.889  3088  3088 I C03900/com.huawei.ARSample/Ace: [(100000:100000:scope)] AddPersistAfterLayoutTask size: 1
05-27 10:14:31.889  3088  3088 I C03919/com.huawei.ARSample/AceInputTracking: [(100000:100000:scope)] Debug touch pass mode 0
05-27 10:14:31.889  3088  3088 W C03F07/MUSL-LDSO: load absolute_path /system/lib64/libtransform_interaction_ext.z.so: check ns accessible failed namespace=ndk.
05-27 10:14:31.889  3088  3088 W C03F07/MUSL-LDSO: load /system/lib64/libtransform_interaction_ext.z.so failed, namespace=ndk no inherits, errno=2
05-27 10:14:31.889  3088  3088 W C03F07/MUSL-LDSO: load /system/lib64/libtransform_interaction_ext.z.so failed, namespace=default, errno=2
05-27 10:14:31.889  3088  3088 W C03F07/MUSL-LDSO: dlopen_impl load library header failed for /system/lib64/libtransform_interaction_ext.z.so
05-27 10:14:31.889  3088  3088 E C03934/com.huawei.ARSample/AceUIEvent: [(100000:100000:scope)] AceTransform load failed: Error loading shared library /system/lib64/libtransform_interaction_ext.z.so: No such file or directory
05-27 10:14:31.889  3088  3088 I C03937/com.huawei.ARSample/AceResource: [(100000:100000:scope)] ResourceAdapter UpdateResConfig with colorMode light
05-27 10:14:31.889  3088  3088 W C03900/com.huawei.ARSample/Ace: [(100000:100000:scope)] not found systemTheme in HapModuleInfo, loading default OHOS_THEME
05-27 10:14:31.889  3088  3088 I C03900/com.huawei.ARSample/Ace: [(100000:100000:scope)] Cannot Get File List from resources/styles/
05-27 10:14:31.889  3088  3088 W C03900/com.huawei.ARSample/Ace: [(100000:100000:scope)] GetAsset failed: resources/styles/default.json
05-27 10:14:31.889  3088  3141 I C04208/com.huawei.ARSample/WMSLayout: NotifyWindowStatusDidChange: Id:302, WindowMode:1, windowStatus:1, lastWindowStatus:0, listenerSize:0, rect:[0 0 1256 2760]
05-27 10:14:31.898  3088  3088 I C01406/com.huawei.ARSample/OHOS::RS: RSTransactionHandler::Begin syncId:0, transactionHandler:5418467998940633972, remoteTransactionDataStack.size:0
05-27 10:14:31.898  3088  3088 I C01406/com.huawei.ARSample/OHOS::RS: RSTransactionHandler::Commit transactionHandler:5418467998940633972
05-27 10:14:31.898  3088  3088 W C01406/com.huawei.ARSample/OHOS::RS: RSNodeMap::UnregisterNode: node id 13262859010050 not found
05-27 10:14:31.898  3088  3088 I C01406/com.huawei.ARSample/OHOS::RS: RSRootNode::Create, Node:13262859010051, Token:13262859010049
05-27 10:14:31.898  3088  3088 I C03900/com.huawei.ARSample/Ace: [(100000:100000:scope)] root node OnAttachToFrameNode, id:0
05-27 10:14:31.898  3088  3088 I C03900/com.huawei.ARSample/Ace: [(100000:100000:scope)] Rosenwindow set root, rsId:13262859010051
05-27 10:14:31.898  3088  3088 I C01406/com.huawei.ARSample/OHOS::RS: RSRootNode::AttachRSSurfaceNode, SurfaceNode:13262859010050, Node:13262859010051
05-27 10:14:31.898  3088  3088 I C01406/com.huawei.ARSample/OHOS::RS: RSTransactionHandler::Begin syncId:0, transactionHandler:16317188472639700911, remoteTransactionDataStack.size:0
05-27 10:14:31.898  3088  3088 I C01406/com.huawei.ARSample/OHOS::RS: RSTransactionHandler::Commit transactionHandler:16317188472639700911
05-27 10:14:31.898  3088  3088 W C01406/com.huawei.ARSample/OHOS::RS: RSNodeMap::UnregisterNode: node id 13262859010050 not found
05-27 10:14:31.899  3088  3088 E C01D02/com.huawei.ARSample/accessibility_asacfwk: [(AccessibilitySystemAbilityClientImpl:78)]accessibility service is ready.
05-27 10:14:31.900  3088  3088 I C03900/com.huawei.ARSample/Ace: [(100000:100000:scope)] focusWindowId: 0, realHostWindowId: 0
05-27 10:14:31.900  3088  3088 I C03900/com.huawei.ARSample/Ace: [(100000:100000:scope)] [com.huawei.ARSample][entry][100000]: window focus
05-27 10:14:31.900  3088  3117 I C02D06/com.huawei.ARSample/XCollie: Init async stack successfully.
05-27 10:14:31.900  3088  3117 I C02D06/com.huawei.ARSample/XCollie: Finish init Async Stack.
05-27 10:14:31.901  3088  3088 I C02C03/PARAM_WATCHER: Add watcher keyPrefix debug.graphic.frame remoteWatcherId 10592 success
05-27 10:14:31.901  3088  3088 I C03900/com.huawei.ARSample/Ace: [(100000:100000:scope)] ArkUIInvisibleFreeze: 0
05-27 10:14:31.901  3088  3088 I C03900/com.huawei.ARSample/Ace: [(100000:100000:scope)] [com.huawei.ARSample][entry][100000]: SetMinPlatformVersion is 60000020
05-27 10:14:31.901  3088  3088 I C04209/com.huawei.ARSample/WMSImms: RegisterAvoidAreaChangeListener: win 302
05-27 10:14:31.902  3088  3088 E C04200/com.huawei.ARSample/IMockSessionManager: [nodict]Read result failed, code is: 4.
05-27 10:14:31.902  3088  3088 E C04200/com.huawei.ARSample/IMockSessionManager: [nodict]Read result failed, code is: 4.
05-27 10:14:31.902  3088  3088 I C04204/com.huawei.ARSample/WMSScb: InitSceneSessionManagerProxy: enter
05-27 10:14:31.903  3088  3141 I C04208/com.huawei.ARSample/WMSLayout: UpdateRect: id:302 name:ARSample0 rect:[0 0 1256 2760]->[0 0 1256 2760] reason:23 displayId:0
05-27 10:14:31.904  3088  3088 I C03917/com.huawei.ARSample/AceSafeArea: [(100000:100000:scope)] InitializeSafeArea systemInsets:SafeAreaInsets left_: [start: 0, end: 0], top_: [start: 0, end: 136], right_: [start: 0, end: 0], bottom_: [start: 0, end: 0], cutoutInsets:SafeAreaInsets left_: [start: 0, end: 0], top_: [start: 34, end: 108], right_: [start: 0, end: 0], bottom_: [start: 0, end: 0], navInsets:SafeAreaInsets left_: [start: 0, end: 0], top_: [start: 0, end: 0], right_: [start: 0, end: 0], bottom_: [start: 2662, end: 2760]
05-27 10:14:31.904  3088  3088 I C0394E/com.huawei.ARSample/AceWindow: [(100000:100000:scope)] Initialize displayId: 0, availableRect: [0, 0, 1256, 2760]
05-27 10:14:31.904  3088  3088 I C02504/com.huawei.ARSample/thp_extra: GetProcessName[66]name is: com.huawei.ARSample
05-27 10:14:31.904  3088  3088 I C03900/com.huawei.ARSample/Ace: [(-2:100000:singleton)] [com.huawei.ARSample][entry][100000]: Initialize: pages/Selector
05-27 10:14:31.909  3088  3088 I C03900/com.huawei.ARSample/Ace: [(100000:100000:scope)] RunPage:pages/Selector
05-27 10:14:31.909  3088  3088 W C03900/com.huawei.ARSample/Ace: [(100000:100000:scope)] GetAsset failed: manifest.json
05-27 10:14:31.909  3088  3088 I C04200/com.huawei.ARSample/WMS: InitUIContent: [0, 0]
05-27 10:14:31.909  3088  3088 I C04208/com.huawei.ARSample/WMSLayout: SetUIContentInner: single hand, id:302, posX:0, posY:0, scaleX:1.000000, scaleY:1.000000
05-27 10:14:31.909  3088  3133 I C03951/com.huawei.ARSample/InputKeyFlow: [(-1:100000:singleton)] Subscribe touch.events.pass.through Event
05-27 10:14:31.909  3088  3088 I C04219/com.huawei.ARSample/WMSDecor: UpdateDecorEnable: decorVisible:1, id: 302
05-27 10:14:31.909  3088  3088 I C03900/com.huawei.ARSample/Ace: [(-2:100000:singleton)] [com.huawei.ARSample][entry][100000]: UpdateWindowVisible: 1, hasDecor: 0
05-27 10:14:31.910  3088  3088 I C03900/com.huawei.ARSample/Ace: [(-2:100000:singleton)] [com.huawei.ARSample][entry][100000]: NotifyWindowMode mode = 1
05-27 10:14:31.910  3088  3088 I C03900/com.huawei.ARSample/Ace: [(-2:100000:singleton)] [com.huawei.ARSample][entry][100000]: window foreground
05-27 10:14:31.910  3088  3088 I C03900/com.huawei.ARSample/Ace: [(100000:100000:scope)] Update application state , state: ON_SHOW
05-27 10:14:31.910  3088  3088 I C01406/com.huawei.ARSample/OHOS::RS: RSSurfaceNode::SetAbilityState, surfaceNodeId:[13262859010050], ability state: foreground
05-27 10:14:31.910  3088  3088 I C03900/com.huawei.ARSample/Ace: [(100000:100000:scope)] ArkUI requests first Vsync.
05-27 10:14:31.910  3088  3088 I C04202/com.huawei.ARSample/WMSMain: RequestVsync: First vsync has requested, nodeId: 13262859010050
05-27 10:14:31.910  3088  3088 I C03959/com.huawei.ARSample/AceLayout: [(-2:100000:singleton)] [com.huawei.ARSample][entry][100000]: UpdateViewportConfig Viewport config: size: (1256, 2760) orientation: 0 density: 3.500000 position: (0, 0) transformHint: 0 displayId: 0, windowSizeChangeReason 0, is rsTransaction nullptr 1, , keyboardInfo is null
05-27 10:14:31.910  3088  3088 I C0394E/com.huawei.ARSample/AceWindow: [(100000:100000:scope)] Update displayWindowRect in UpdateViewportConfig to : Rect (0.00, 0.00) - [0.00 x 0.00]
05-27 10:14:31.910  3088  3088 I C04208/com.huawei.ARSample/WMSLayout: UpdateViewportConfig: Id: 302, reason: 0, windowRect: [0 0 1256 2760], displayOrientation: 0, config[0, 0, 0, 3.500000]
05-27 10:14:31.910  3088  3088 I C03900/com.huawei.ARSample/Ace: [(-2:100000:singleton)] [com.huawei.ARSample][entry][100000]: window focus
05-27 10:14:31.911  3088  3088 I C03900/com.huawei.ARSample/Ace: [(-2:100000:singleton)] [com.huawei.ARSample][entry][100000]:window active
05-27 10:14:31.911  3088  3132 I C02C03/PARAM_WATCHER: Add watcher keyPrefix persist.ace.trace.layout.enabled remoteWatcherId 10592 success
05-27 10:14:31.911  3088  3088 I A0FF00/com.huawei.ARSample/[ARSample][Js]: Succeeded in loading the content.
05-27 10:14:31.911  3088  3088 I C04200/com.huawei.ARSample/JsWindowStage: Window [302, ARSample0] load content end, ret=0
05-27 10:14:31.911  3088  3088 I A0FF00/com.huawei.ARSample/[ARSample][Js]: Succeeded in setting setWindowKeepScreenOn.
05-27 10:14:31.911  3088  3088 I C04209/com.huawei.ARSample/WMSImms: NotifyAvoidAreaChange: win 302 api 20 type 0 area top [0 0 1256 136] 
05-27 10:14:31.911  3088  3088 I C04209/com.huawei.ARSample/WMSImms: NotifyAvoidAreaChange: win 302 api 20 type 1 area top [591 34 74 74] 
05-27 10:14:31.911  3088  3088 I C04209/com.huawei.ARSample/WMSImms: NotifyAvoidAreaChange: win 302 api 20 type 2 area empty
05-27 10:14:31.911  3088  3088 I C04209/com.huawei.ARSample/WMSImms: NotifyAvoidAreaChange: win 302 api 20 type 3 area empty
05-27 10:14:31.911  3088  3088 I C04209/com.huawei.ARSample/WMSImms: NotifyAvoidAreaChange: win 302 api 20 type 4 area bottom [408 2662 440 98] 
05-27 10:14:31.911  3088  3088 I C04208/com.huawei.ARSample/WMSLayout: UpdateViewportConfig: Id: 302, reason: 23, windowRect: [0 0 1256 2760], displayOrientation: 0, config[0, 0, 0, 3.500000]
05-27 10:14:31.911  3088  3132 I C02C03/PARAM_WATCHER: Add watcher keyPrefix persist.ace.trace.inputevent.enabled remoteWatcherId 10592 success
05-27 10:14:31.911  3088  3088 I C03900/com.huawei.ARSample/Ace: [(100000:100000:scope)] Update application state , state: ON_ACTIVE
05-27 10:14:31.911  3088  3088 I C01D02/com.huawei.ARSample/accessibility_asacfwk: [(SubscribeStateObserver:652)]Observer has subscribed!
05-27 10:14:31.911  3088  3088 I C01D02/com.huawei.ARSample/accessibility_asacfwk: [(SubscribeStateObserver:652)]Observer has subscribed!
05-27 10:14:31.911  3088  3088 I C01D02/com.huawei.ARSample/accessibility_asacfwk: [(SubscribeStateObserver:652)]Observer has subscribed!
05-27 10:14:31.911  3088  3088 I C0391C/com.huawei.ARSample/AceFocus: [(100000:100000:scope)] Window: 302 get focus.
05-27 10:14:31.911  3088  3088 W C0391C/com.huawei.ARSample/AceFocus: [(100000:100000:scope)] Current focus view can not found!
05-27 10:14:31.911  3088  3088 I C0391C/com.huawei.ARSample/AceFocus: [(100000:100000:scope)] Request focus on rootFocusHub: root/0
05-27 10:14:31.912  3088  3132 I C02C03/PARAM_WATCHER: Add watcher keyPrefix const.security.developermode.state remoteWatcherId 10592 success
05-27 10:14:31.912  3088  3088 I C04208/com.huawei.ARSample/WMSLayout: UpdateViewportConfig: Id: 302, reason: 23, windowRect: [0 0 1256 2760], displayOrientation: 0, config[0, 0, 0, 3.500000]
05-27 10:14:31.912  3088  3088 I C03925/com.huawei.ARSample/AceRouter: [(100000:100000:scope)] Page router manager is creating page[1]: url: pages/Selector path: pages/Selector.js, recoverable: yes, namedRouter: no
05-27 10:14:31.913  3088  3132 I C02C03/PARAM_WATCHER: Add watcher keyPrefix persist.ace.debug.statemgr.enabled remoteWatcherId 10592 success
05-27 10:14:31.913  3088  3132 I C02C03/PARAM_WATCHER: Add watcher keyPrefix persist.ace.debug.boundary.enabled remoteWatcherId 10592 success
05-27 10:14:31.914  3088  3088 W C03926/com.huawei.ARSample/AceTheme: [(100000:100000:scope)] style 125829872 not contains navigation_bar_pattern!
05-27 10:14:31.915  3088  3132 I C02C03/PARAM_WATCHER: Add watcher keyPrefix persist.ace.performance.monitor.enabled remoteWatcherId 10592 success
05-27 10:14:31.916  3088  3088 I C03922/com.huawei.ARSample/AceNavigation: [(100000:100000:scope)] navigation necessary to immediately trigger a refresh
05-27 10:14:31.916  3088  3088 W C03926/com.huawei.ARSample/AceTheme: [(100000:100000:scope)] style text_pattern not contains linear_split_child_min_size!
05-27 10:14:31.916  3088  3088 W C03926/com.huawei.ARSample/AceTheme: [(100000:100000:scope)] style text_pattern not contains menu_celia_ask_is_support!
05-27 10:14:31.916  3088  3088 W C03926/com.huawei.ARSample/AceTheme: [(100000:100000:scope)] style 125829872 not contains app_theme_pattern!
05-27 10:14:31.916  3088  3088 E C01E00/com.huawei.ARSample/ResourceManager: ref <private> id not found
05-27 10:14:31.916  3088  3088 E C01E00/com.huawei.ARSample/ResourceManager: ref <private> id not found
05-27 10:14:31.916  3088  3088 W C03937/com.huawei.ARSample/AceResource: [(100000:100000:scope)] Get pattern by name error, name=app_theme_pattern
05-27 10:14:31.916  3088  3088 E C01E00/com.huawei.ARSample/ResourceManager: ref <private> id not found
05-27 10:14:31.916  3088  3088 E C01E00/com.huawei.ARSample/ResourceManager: ref <private> id not found
05-27 10:14:31.916  3088  3088 W C03937/com.huawei.ARSample/AceResource: [(100000:100000:scope)] Get pattern by name error, name=app_theme_pattern
05-27 10:14:31.916  3088  3088 W C03926/com.huawei.ARSample/AceTheme: [(100000:100000:scope)] style app_theme_pattern not contains app_theme_drag_distancethreshold!
05-27 10:14:31.917  3088  3088 I C03922/com.huawei.ARSample/AceNavigation: [(100000:100000:scope)] AvoidInfoManager register listener
05-27 10:14:31.917  3088  3088 I C0391C/com.huawei.ARSample/AceFocus: [(100000:100000:scope)] view: page/2 show
05-27 10:14:31.918  3088  3088 I C03933/com.huawei.ARSample/AceKeyboard: [(100000:100000:scope)] StageManager FrameNode notNeedSoftKeyboard.
05-27 10:14:31.918  3088  3088 I C03933/com.huawei.ARSample/AceKeyboard: [(100000:100000:scope)] Container not SceneBoardWindow.
05-27 10:14:31.918  3088  3088 I C03925/com.huawei.ARSample/AceRouter: [(100000:100000:scope)] LoadPage Success
05-27 10:14:31.918  3088  3088 I C03917/com.huawei.ARSample/AceSafeArea: [(-2:100000:singleton)] SetIsFullScreen 1
05-27 10:14:31.918  3088  3088 I C0392A/com.huawei.ARSample/AceUiExtensionComponent: [(-2:100000:singleton)] NotifyWindowMode aliveUIExtensions = 0
05-27 10:14:31.918  3088  3088 I C03922/com.huawei.ARSample/AceNavigation: [(100000:100000:scope)] sync with js stack, id: , UINodeId: 5, preStackSize: 0, newStackSize: 0
05-27 10:14:31.918  3088  3088 I C03922/com.huawei.ARSample/AceNavigation: [(100000:100000:scope)] last standard page index is -1
05-27 10:14:31.918  3088  3088 I C03922/com.huawei.ARSample/AceNavigation: [(100000:100000:scope)] page is not change. don't transition
05-27 10:14:31.918  3088  3088 W C03926/com.huawei.ARSample/AceTheme: [(100000:100000:scope)] style 125829872 not contains aging_adapation_dialog_pattern!
05-27 10:14:31.919  3088  3088 I C03900/com.huawei.ARSample/Ace: [(100000:100000:scope)] Root node request first frame.
05-27 10:14:31.919  3088  3088 I C03900/com.huawei.ARSample/Ace: [(100000:100000:scope)] Update application state , state: ON_ACTIVE
05-27 10:14:31.919  3088  3088 I C01D02/com.huawei.ARSample/accessibility_asacfwk: [(SubscribeStateObserver:652)]Observer has subscribed!
05-27 10:14:31.919  3088  3088 I C01D02/com.huawei.ARSample/accessibility_asacfwk: [(SubscribeStateObserver:652)]Observer has subscribed!
05-27 10:14:31.919  3088  3088 I C01D02/com.huawei.ARSample/accessibility_asacfwk: [(SubscribeStateObserver:652)]Observer has subscribed!
05-27 10:14:31.919  3088  3088 I C0391C/com.huawei.ARSample/AceFocus: [(100000:100000:scope)] Window: 302 get focus.
05-27 10:14:31.919  3088  3088 I C03900/com.huawei.ARSample/Ace: [(100000:100000:scope)] Update application state , state: ON_ACTIVE
05-27 10:14:31.919  3088  3088 I C01D02/com.huawei.ARSample/accessibility_asacfwk: [(SubscribeStateObserver:652)]Observer has subscribed!
05-27 10:14:31.919  3088  3088 I C01D02/com.huawei.ARSample/accessibility_asacfwk: [(SubscribeStateObserver:652)]Observer has subscribed!
05-27 10:14:31.919  3088  3088 I C01D02/com.huawei.ARSample/accessibility_asacfwk: [(SubscribeStateObserver:652)]Observer has subscribed!
05-27 10:14:31.919  3088  3088 I C05A01/com.huawei.ARSample/ATM: [GetContext]Get context success, tokenId: 537197906, bundleName: com.huawei.ARSample
05-27 10:14:31.919  3088  3088 I C05A01/com.huawei.ARSample/ATM: [ParseRequestPermissionFromUser]AsyncContext.uiAbilityFlag is: 1.
05-27 10:14:31.919  3088  3088 I C05A01/com.huawei.ARSample/ATM: [ParseStringArray]Array size is 1
